data/3-leg-kside-castling-1.txt
Game init
Game running

     a     b     c     d     e     f     g     h    
  +-----+-----+-----+-----+-----+-----+-----+-----+
8 |  ♖  |  ♘  |  ♗  |  ♕  |  ♔  |  ♗  |  ♘  |  ♖  |
  +-----+-----+-----+-----+-----+-----+-----+-----+
7 |  ♙  |  ♙  |  ♙  |  ♙  |  ♙  |  ♙  |  ♙  |  ♙  |
  +-----+-----+-----+-----+-----+-----+-----+-----+
6 |     |     |     |     |     |     |     |     |
  +-----+-----+-----+-----+-----+-----+-----+-----+
5 |     |     |     |     |     |     |     |     |
  +-----+-----+-----+-----+-----+-----+-----+-----+
4 |     |     |     |     |     |     |     |     |
  +-----+-----+-----+-----+-----+-----+-----+-----+
3 |     |     |     |     |     |     |     |     |
  +-----+-----+-----+-----+-----+-----+-----+-----+
2 |  ♟  |  ♟  |  ♟  |  ♟  |  ♟  |  ♟  |  ♟  |  ♟  |
  +-----+-----+-----+-----+-----+-----+-----+-----+
1 |  ♜  |  ♞  |  ♝  |  ♛  |  ♚  |  ♝  |  ♞  |  ♜  |
  +-----+-----+-----+-----+-----+-----+-----+-----+
White eaten pieces: 0
Black eaten pieces: 0
Turn: WHITE

Enter your move: No piece eaten

     a     b     c     d     e     f     g     h    
  +-----+-----+-----+-----+-----+-----+-----+-----+
8 |  ♖  |  ♘  |  ♗  |  ♕  |  ♔  |  ♗  |  ♘  |  ♖  |
  +-----+-----+-----+-----+-----+-----+-----+-----+
7 |  ♙  |  ♙  |  ♙  |  ♙  |  ♙  |  ♙  |  ♙  |  ♙  |
  +-----+-----+-----+-----+-----+-----+-----+-----+
6 |     |     |     |     |     |     |     |     |
  +-----+-----+-----+-----+-----+-----+-----+-----+
5 |     |     |     |     |     |     |     |     |
  +-----+-----+-----+-----+-----+-----+-----+-----+
4 |     |     |     |     |  ♟  |     |     |     |
  +-----+-----+-----+-----+-----+-----+-----+-----+
3 |     |     |     |     |     |     |     |     |
  +-----+-----+-----+-----+-----+-----+-----+-----+
2 |  ♟  |  ♟  |  ♟  |  ♟  |     |  ♟  |  ♟  |  ♟  |
  +-----+-----+-----+-----+-----+-----+-----+-----+
1 |  ♜  |  ♞  |  ♝  |  ♛  |  ♚  |  ♝  |  ♞  |  ♜  |
  +-----+-----+-----+-----+-----+-----+-----+-----+
White eaten pieces: 0
Black eaten pieces: 0
Turn: BLACK
Enter your move: No piece eaten

     a     b     c     d     e     f     g     h    
  +-----+-----+-----+-----+-----+-----+-----+-----+
8 |  ♖  |  ♘  |  ♗  |  ♕  |  ♔  |  ♗  |  ♘  |  ♖  |
  +-----+-----+-----+-----+-----+-----+-----+-----+
7 |  ♙  |  ♙  |  ♙  |  ♙  |     |  ♙  |  ♙  |  ♙  |
  +-----+-----+-----+-----+-----+-----+-----+-----+
6 |     |     |     |     |     |     |     |     |
  +-----+-----+-----+-----+-----+-----+-----+-----+
5 |     |     |     |     |  ♙  |     |     |     |
  +-----+-----+-----+-----+-----+-----+-----+-----+
4 |     |     |     |     |  ♟  |     |     |     |
  +-----+-----+-----+-----+-----+-----+-----+-----+
3 |     |     |     |     |     |     |     |     |
  +-----+-----+-----+-----+-----+-----+-----+-----+
2 |  ♟  |  ♟  |  ♟  |  ♟  |     |  ♟  |  ♟  |  ♟  |
  +-----+-----+-----+-----+-----+-----+-----+-----+
1 |  ♜  |  ♞  |  ♝  |  ♛  |  ♚  |  ♝  |  ♞  |  ♜  |
  +-----+-----+-----+-----+-----+-----+-----+-----+
White eaten pieces: 0
Black eaten pieces: 0
Turn: WHITE
Enter your move: No piece eaten

     a     b     c     d     e     f     g     h    
  +-----+-----+-----+-----+-----+-----+-----+-----+
8 |  ♖  |  ♘  |  ♗  |  ♕  |  ♔  |  ♗  |  ♘  |  ♖  |
  +-----+-----+-----+-----+-----+-----+-----+-----+
7 |  ♙  |  ♙  |  ♙  |  ♙  |     |  ♙  |  ♙  |  ♙  |
  +-----+-----+-----+-----+-----+-----+-----+-----+
6 |     |     |     |     |     |     |     |     |
  +-----+-----+-----+-----+-----+-----+-----+-----+
5 |     |     |     |     |  ♙  |     |     |     |
  +-----+-----+-----+-----+-----+-----+-----+-----+
4 |     |     |  ♝  |     |  ♟  |     |     |     |
  +-----+-----+-----+-----+-----+-----+-----+-----+
3 |     |     |     |     |     |     |     |     |
  +-----+-----+-----+-----+-----+-----+-----+-----+
2 |  ♟  |  ♟  |  ♟  |  ♟  |     |  ♟  |  ♟  |  ♟  |
  +-----+-----+-----+-----+-----+-----+-----+-----+
1 |  ♜  |  ♞  |  ♝  |  ♛  |  ♚  |     |  ♞  |  ♜  |
  +-----+-----+-----+-----+-----+-----+-----+-----+
White eaten pieces: 0
Black eaten pieces: 0
Turn: BLACK
Enter your move: No piece eaten

     a     b     c     d     e     f     g     h    
  +-----+-----+-----+-----+-----+-----+-----+-----+
8 |  ♖  |  ♘  |  ♗  |  ♕  |  ♔  |  ♗  |     |  ♖  |
  +-----+-----+-----+-----+-----+-----+-----+-----+
7 |  ♙  |  ♙  |  ♙  |  ♙  |     |  ♙  |  ♙  |  ♙  |
  +-----+-----+-----+-----+-----+-----+-----+-----+
6 |     |     |     |     |     |  ♘  |     |     |
  +-----+-----+-----+-----+-----+-----+-----+-----+
5 |     |     |     |     |  ♙  |     |     |     |
  +-----+-----+-----+-----+-----+-----+-----+-----+
4 |     |     |  ♝  |     |  ♟  |     |     |     |
  +-----+-----+-----+-----+-----+-----+-----+-----+
3 |     |     |     |     |     |     |     |     |
  +-----+-----+-----+-----+-----+-----+-----+-----+
2 |  ♟  |  ♟  |  ♟  |  ♟  |     |  ♟  |  ♟  |  ♟  |
  +-----+-----+-----+-----+-----+-----+-----+-----+
1 |  ♜  |  ♞  |  ♝  |  ♛  |  ♚  |     |  ♞  |  ♜  |
  +-----+-----+-----+-----+-----+-----+-----+-----+
White eaten pieces: 0
Black eaten pieces: 0
Turn: WHITE
Enter your move: No piece eaten

     a     b     c     d     e     f     g     h    
  +-----+-----+-----+-----+-----+-----+-----+-----+
8 |  ♖  |  ♘  |  ♗  |  ♕  |  ♔  |  ♗  |     |  ♖  |
  +-----+-----+-----+-----+-----+-----+-----+-----+
7 |  ♙  |  ♙  |  ♙  |  ♙  |     |  ♙  |  ♙  |  ♙  |
  +-----+-----+-----+-----+-----+-----+-----+-----+
6 |     |     |     |     |     |  ♘  |     |     |
  +-----+-----+-----+-----+-----+-----+-----+-----+
5 |     |     |     |     |  ♙  |     |     |     |
  +-----+-----+-----+-----+-----+-----+-----+-----+
4 |     |     |  ♝  |     |  ♟  |     |     |     |
  +-----+-----+-----+-----+-----+-----+-----+-----+
3 |     |     |     |     |     |  ♞  |     |     |
  +-----+-----+-----+-----+-----+-----+-----+-----+
2 |  ♟  |  ♟  |  ♟  |  ♟  |     |  ♟  |  ♟  |  ♟  |
  +-----+-----+-----+-----+-----+-----+-----+-----+
1 |  ♜  |  ♞  |  ♝  |  ♛  |  ♚  |     |     |  ♜  |
  +-----+-----+-----+-----+-----+-----+-----+-----+
White eaten pieces: 0
Black eaten pieces: 0
Turn: BLACK
Enter your move: No piece eaten

     a     b     c     d     e     f     g     h    
  +-----+-----+-----+-----+-----+-----+-----+-----+
8 |  ♖  |  ♘  |  ♗  |  ♕  |  ♔  |     |     |  ♖  |
  +-----+-----+-----+-----+-----+-----+-----+-----+
7 |  ♙  |  ♙  |  ♙  |  ♙  |     |  ♙  |  ♙  |  ♙  |
  +-----+-----+-----+-----+-----+-----+-----+-----+
6 |     |     |     |     |     |  ♘  |     |     |
  +-----+-----+-----+-----+-----+-----+-----+-----+
5 |     |     |  ♗  |     |  ♙  |     |     |     |
  +-----+-----+-----+-----+-----+-----+-----+-----+
4 |     |     |  ♝  |     |  ♟  |     |     |     |
  +-----+-----+-----+-----+-----+-----+-----+-----+
3 |     |     |     |     |     |  ♞  |     |     |
  +-----+-----+-----+-----+-----+-----+-----+-----+
2 |  ♟  |  ♟  |  ♟  |  ♟  |     |  ♟  |  ♟  |  ♟  |
  +-----+-----+-----+-----+-----+-----+-----+-----+
1 |  ♜  |  ♞  |  ♝  |  ♛  |  ♚  |     |     |  ♜  |
  +-----+-----+-----+-----+-----+-----+-----+-----+
White eaten pieces: 0
Black eaten pieces: 0
Turn: WHITE
Enter your move: 
     a     b     c     d     e     f     g     h    
  +-----+-----+-----+-----+-----+-----+-----+-----+
8 |  ♖  |  ♘  |  ♗  |  ♕  |  ♔  |     |     |  ♖  |
  +-----+-----+-----+-----+-----+-----+-----+-----+
7 |  ♙  |  ♙  |  ♙  |  ♙  |     |  ♙  |  ♙  |  ♙  |
  +-----+-----+-----+-----+-----+-----+-----+-----+
6 |     |     |     |     |     |  ♘  |     |     |
  +-----+-----+-----+-----+-----+-----+-----+-----+
5 |     |     |  ♗  |     |  ♙  |     |     |     |
  +-----+-----+-----+-----+-----+-----+-----+-----+
4 |     |     |  ♝  |     |  ♟  |     |     |     |
  +-----+-----+-----+-----+-----+-----+-----+-----+
3 |     |     |     |     |     |  ♞  |     |     |
  +-----+-----+-----+-----+-----+-----+-----+-----+
2 |  ♟  |  ♟  |  ♟  |  ♟  |     |  ♟  |  ♟  |  ♟  |
  +-----+-----+-----+-----+-----+-----+-----+-----+
1 |  ♜  |  ♞  |  ♝  |  ♛  |     |  ♜  |  ♚  |     |
  +-----+-----+-----+-----+-----+-----+-----+-----+
White eaten pieces: 0
Black eaten pieces: 0
Turn: BLACK
Enter your move: 
wR,wN,wB,wQ,,wR,wK,,wP,wP,wP,wP,,wP,wP,wP,,,,,,wN,,,,,wB,,wP,,,,,,bB,,bP,,,,,,,,,bN,,,bP,bP,bP,bP,,bP,bP,bP,bR,bN,bB,bQ,bK,,,bR, ?-?
  -> [0;32mreference position: OK[0m
  -> [0;32mreference result: OK[0m
  -> [0m(exit code=0)
data/3-leg-kside-castling-2.txt
Game init
Game running

     a     b     c     d     e     f     g     h    
  +-----+-----+-----+-----+-----+-----+-----+-----+
8 |  ♖  |  ♘  |  ♗  |  ♕  |  ♔  |  ♗  |  ♘  |  ♖  |
  +-----+-----+-----+-----+-----+-----+-----+-----+
7 |  ♙  |  ♙  |  ♙  |  ♙  |  ♙  |  ♙  |  ♙  |  ♙  |
  +-----+-----+-----+-----+-----+-----+-----+-----+
6 |     |     |     |     |     |     |     |     |
  +-----+-----+-----+-----+-----+-----+-----+-----+
5 |     |     |     |     |     |     |     |     |
  +-----+-----+-----+-----+-----+-----+-----+-----+
4 |     |     |     |     |     |     |     |     |
  +-----+-----+-----+-----+-----+-----+-----+-----+
3 |     |     |     |     |     |     |     |     |
  +-----+-----+-----+-----+-----+-----+-----+-----+
2 |  ♟  |  ♟  |  ♟  |  ♟  |  ♟  |  ♟  |  ♟  |  ♟  |
  +-----+-----+-----+-----+-----+-----+-----+-----+
1 |  ♜  |  ♞  |  ♝  |  ♛  |  ♚  |  ♝  |  ♞  |  ♜  |
  +-----+-----+-----+-----+-----+-----+-----+-----+
White eaten pieces: 0
Black eaten pieces: 0
Turn: WHITE

Enter your move: No piece eaten

     a     b     c     d     e     f     g     h    
  +-----+-----+-----+-----+-----+-----+-----+-----+
8 |  ♖  |  ♘  |  ♗  |  ♕  |  ♔  |  ♗  |  ♘  |  ♖  |
  +-----+-----+-----+-----+-----+-----+-----+-----+
7 |  ♙  |  ♙  |  ♙  |  ♙  |  ♙  |  ♙  |  ♙  |  ♙  |
  +-----+-----+-----+-----+-----+-----+-----+-----+
6 |     |     |     |     |     |     |     |     |
  +-----+-----+-----+-----+-----+-----+-----+-----+
5 |     |     |     |     |     |     |     |     |
  +-----+-----+-----+-----+-----+-----+-----+-----+
4 |     |     |     |     |  ♟  |     |     |     |
  +-----+-----+-----+-----+-----+-----+-----+-----+
3 |     |     |     |     |     |     |     |     |
  +-----+-----+-----+-----+-----+-----+-----+-----+
2 |  ♟  |  ♟  |  ♟  |  ♟  |     |  ♟  |  ♟  |  ♟  |
  +-----+-----+-----+-----+-----+-----+-----+-----+
1 |  ♜  |  ♞  |  ♝  |  ♛  |  ♚  |  ♝  |  ♞  |  ♜  |
  +-----+-----+-----+-----+-----+-----+-----+-----+
White eaten pieces: 0
Black eaten pieces: 0
Turn: BLACK
Enter your move: No piece eaten

     a     b     c     d     e     f     g     h    
  +-----+-----+-----+-----+-----+-----+-----+-----+
8 |  ♖  |  ♘  |  ♗  |  ♕  |  ♔  |  ♗  |  ♘  |  ♖  |
  +-----+-----+-----+-----+-----+-----+-----+-----+
7 |  ♙  |  ♙  |  ♙  |  ♙  |     |  ♙  |  ♙  |  ♙  |
  +-----+-----+-----+-----+-----+-----+-----+-----+
6 |     |     |     |     |     |     |     |     |
  +-----+-----+-----+-----+-----+-----+-----+-----+
5 |     |     |     |     |  ♙  |     |     |     |
  +-----+-----+-----+-----+-----+-----+-----+-----+
4 |     |     |     |     |  ♟  |     |     |     |
  +-----+-----+-----+-----+-----+-----+-----+-----+
3 |     |     |     |     |     |     |     |     |
  +-----+-----+-----+-----+-----+-----+-----+-----+
2 |  ♟  |  ♟  |  ♟  |  ♟  |     |  ♟  |  ♟  |  ♟  |
  +-----+-----+-----+-----+-----+-----+-----+-----+
1 |  ♜  |  ♞  |  ♝  |  ♛  |  ♚  |  ♝  |  ♞  |  ♜  |
  +-----+-----+-----+-----+-----+-----+-----+-----+
White eaten pieces: 0
Black eaten pieces: 0
Turn: WHITE
Enter your move: No piece eaten

     a     b     c     d     e     f     g     h    
  +-----+-----+-----+-----+-----+-----+-----+-----+
8 |  ♖  |  ♘  |  ♗  |  ♕  |  ♔  |  ♗  |  ♘  |  ♖  |
  +-----+-----+-----+-----+-----+-----+-----+-----+
7 |  ♙  |  ♙  |  ♙  |  ♙  |     |  ♙  |  ♙  |  ♙  |
  +-----+-----+-----+-----+-----+-----+-----+-----+
6 |     |     |     |     |     |     |     |     |
  +-----+-----+-----+-----+-----+-----+-----+-----+
5 |     |     |     |     |  ♙  |     |     |     |
  +-----+-----+-----+-----+-----+-----+-----+-----+
4 |     |     |  ♝  |     |  ♟  |     |     |     |
  +-----+-----+-----+-----+-----+-----+-----+-----+
3 |     |     |     |     |     |     |     |     |
  +-----+-----+-----+-----+-----+-----+-----+-----+
2 |  ♟  |  ♟  |  ♟  |  ♟  |     |  ♟  |  ♟  |  ♟  |
  +-----+-----+-----+-----+-----+-----+-----+-----+
1 |  ♜  |  ♞  |  ♝  |  ♛  |  ♚  |     |  ♞  |  ♜  |
  +-----+-----+-----+-----+-----+-----+-----+-----+
White eaten pieces: 0
Black eaten pieces: 0
Turn: BLACK
Enter your move: No piece eaten

     a     b     c     d     e     f     g     h    
  +-----+-----+-----+-----+-----+-----+-----+-----+
8 |  ♖  |  ♘  |  ♗  |  ♕  |  ♔  |  ♗  |  ♘  |  ♖  |
  +-----+-----+-----+-----+-----+-----+-----+-----+
7 |  ♙  |  ♙  |  ♙  |     |     |  ♙  |  ♙  |  ♙  |
  +-----+-----+-----+-----+-----+-----+-----+-----+
6 |     |     |     |  ♙  |     |     |     |     |
  +-----+-----+-----+-----+-----+-----+-----+-----+
5 |     |     |     |     |  ♙  |     |     |     |
  +-----+-----+-----+-----+-----+-----+-----+-----+
4 |     |     |  ♝  |     |  ♟  |     |     |     |
  +-----+-----+-----+-----+-----+-----+-----+-----+
3 |     |     |     |     |     |     |     |     |
  +-----+-----+-----+-----+-----+-----+-----+-----+
2 |  ♟  |  ♟  |  ♟  |  ♟  |     |  ♟  |  ♟  |  ♟  |
  +-----+-----+-----+-----+-----+-----+-----+-----+
1 |  ♜  |  ♞  |  ♝  |  ♛  |  ♚  |     |  ♞  |  ♜  |
  +-----+-----+-----+-----+-----+-----+-----+-----+
White eaten pieces: 0
Black eaten pieces: 0
Turn: WHITE
Enter your move: No piece eaten

     a     b     c     d     e     f     g     h    
  +-----+-----+-----+-----+-----+-----+-----+-----+
8 |  ♖  |  ♘  |  ♗  |  ♕  |  ♔  |  ♗  |  ♘  |  ♖  |
  +-----+-----+-----+-----+-----+-----+-----+-----+
7 |  ♙  |  ♙  |  ♙  |     |     |  ♙  |  ♙  |  ♙  |
  +-----+-----+-----+-----+-----+-----+-----+-----+
6 |     |     |     |  ♙  |     |     |     |     |
  +-----+-----+-----+-----+-----+-----+-----+-----+
5 |     |     |     |     |  ♙  |     |     |     |
  +-----+-----+-----+-----+-----+-----+-----+-----+
4 |     |     |  ♝  |     |  ♟  |     |     |     |
  +-----+-----+-----+-----+-----+-----+-----+-----+
3 |     |     |     |     |     |  ♞  |     |     |
  +-----+-----+-----+-----+-----+-----+-----+-----+
2 |  ♟  |  ♟  |  ♟  |  ♟  |     |  ♟  |  ♟  |  ♟  |
  +-----+-----+-----+-----+-----+-----+-----+-----+
1 |  ♜  |  ♞  |  ♝  |  ♛  |  ♚  |     |     |  ♜  |
  +-----+-----+-----+-----+-----+-----+-----+-----+
White eaten pieces: 0
Black eaten pieces: 0
Turn: BLACK
Enter your move: No piece eaten

     a     b     c     d     e     f     g     h    
  +-----+-----+-----+-----+-----+-----+-----+-----+
8 |  ♖  |  ♘  |     |  ♕  |  ♔  |  ♗  |  ♘  |  ♖  |
  +-----+-----+-----+-----+-----+-----+-----+-----+
7 |  ♙  |  ♙  |  ♙  |     |     |  ♙  |  ♙  |  ♙  |
  +-----+-----+-----+-----+-----+-----+-----+-----+
6 |     |     |     |  ♙  |     |     |     |     |
  +-----+-----+-----+-----+-----+-----+-----+-----+
5 |     |     |     |     |  ♙  |     |     |     |
  +-----+-----+-----+-----+-----+-----+-----+-----+
4 |     |     |  ♝  |     |  ♟  |     |  ♗  |     |
  +-----+-----+-----+-----+-----+-----+-----+-----+
3 |     |     |     |     |     |  ♞  |     |     |
  +-----+-----+-----+-----+-----+-----+-----+-----+
2 |  ♟  |  ♟  |  ♟  |  ♟  |     |  ♟  |  ♟  |  ♟  |
  +-----+-----+-----+-----+-----+-----+-----+-----+
1 |  ♜  |  ♞  |  ♝  |  ♛  |  ♚  |     |     |  ♜  |
  +-----+-----+-----+-----+-----+-----+-----+-----+
White eaten pieces: 0
Black eaten pieces: 0
Turn: WHITE
Enter your move: No piece eaten

     a     b     c     d     e     f     g     h    
  +-----+-----+-----+-----+-----+-----+-----+-----+
8 |  ♖  |  ♘  |     |  ♕  |  ♔  |  ♗  |  ♘  |  ♖  |
  +-----+-----+-----+-----+-----+-----+-----+-----+
7 |  ♙  |  ♙  |  ♙  |     |     |  ♙  |  ♙  |  ♙  |
  +-----+-----+-----+-----+-----+-----+-----+-----+
6 |     |     |     |  ♙  |     |     |     |     |
  +-----+-----+-----+-----+-----+-----+-----+-----+
5 |     |     |     |     |  ♙  |     |     |     |
  +-----+-----+-----+-----+-----+-----+-----+-----+
4 |     |     |  ♝  |     |  ♟  |     |  ♗  |     |
  +-----+-----+-----+-----+-----+-----+-----+-----+
3 |     |     |     |  ♟  |     |  ♞  |     |     |
  +-----+-----+-----+-----+-----+-----+-----+-----+
2 |  ♟  |  ♟  |  ♟  |     |     |  ♟  |  ♟  |  ♟  |
  +-----+-----+-----+-----+-----+-----+-----+-----+
1 |  ♜  |  ♞  |  ♝  |  ♛  |  ♚  |     |     |  ♜  |
  +-----+-----+-----+-----+-----+-----+-----+-----+
White eaten pieces: 0
Black eaten pieces: 0
Turn: BLACK
Enter your move: No piece eaten

     a     b     c     d     e     f     g     h    
  +-----+-----+-----+-----+-----+-----+-----+-----+
8 |  ♖  |     |     |  ♕  |  ♔  |  ♗  |  ♘  |  ♖  |
  +-----+-----+-----+-----+-----+-----+-----+-----+
7 |  ♙  |  ♙  |  ♙  |     |     |  ♙  |  ♙  |  ♙  |
  +-----+-----+-----+-----+-----+-----+-----+-----+
6 |     |     |  ♘  |  ♙  |     |     |     |     |
  +-----+-----+-----+-----+-----+-----+-----+-----+
5 |     |     |     |     |  ♙  |     |     |     |
  +-----+-----+-----+-----+-----+-----+-----+-----+
4 |     |     |  ♝  |     |  ♟  |     |  ♗  |     |
  +-----+-----+-----+-----+-----+-----+-----+-----+
3 |     |     |     |  ♟  |     |  ♞  |     |     |
  +-----+-----+-----+-----+-----+-----+-----+-----+
2 |  ♟  |  ♟  |  ♟  |     |     |  ♟  |  ♟  |  ♟  |
  +-----+-----+-----+-----+-----+-----+-----+-----+
1 |  ♜  |  ♞  |  ♝  |  ♛  |  ♚  |     |     |  ♜  |
  +-----+-----+-----+-----+-----+-----+-----+-----+
White eaten pieces: 0
Black eaten pieces: 0
Turn: WHITE
Enter your move: No piece eaten

     a     b     c     d     e     f     g     h    
  +-----+-----+-----+-----+-----+-----+-----+-----+
8 |  ♖  |     |     |  ♕  |  ♔  |  ♗  |  ♘  |  ♖  |
  +-----+-----+-----+-----+-----+-----+-----+-----+
7 |  ♙  |  ♙  |  ♙  |     |     |  ♙  |  ♙  |  ♙  |
  +-----+-----+-----+-----+-----+-----+-----+-----+
6 |     |     |  ♘  |  ♙  |     |     |     |     |
  +-----+-----+-----+-----+-----+-----+-----+-----+
5 |     |     |     |     |  ♙  |     |     |     |
  +-----+-----+-----+-----+-----+-----+-----+-----+
4 |     |     |  ♝  |     |  ♟  |     |  ♗  |     |
  +-----+-----+-----+-----+-----+-----+-----+-----+
3 |     |     |     |  ♟  |  ♝  |  ♞  |     |     |
  +-----+-----+-----+-----+-----+-----+-----+-----+
2 |  ♟  |  ♟  |  ♟  |     |     |  ♟  |  ♟  |  ♟  |
  +-----+-----+-----+-----+-----+-----+-----+-----+
1 |  ♜  |  ♞  |     |  ♛  |  ♚  |     |     |  ♜  |
  +-----+-----+-----+-----+-----+-----+-----+-----+
White eaten pieces: 0
Black eaten pieces: 0
Turn: BLACK
Enter your move: No piece eaten

     a     b     c     d     e     f     g     h    
  +-----+-----+-----+-----+-----+-----+-----+-----+
8 |  ♖  |     |     |     |  ♔  |  ♗  |  ♘  |  ♖  |
  +-----+-----+-----+-----+-----+-----+-----+-----+
7 |  ♙  |  ♙  |  ♙  |     |  ♕  |  ♙  |  ♙  |  ♙  |
  +-----+-----+-----+-----+-----+-----+-----+-----+
6 |     |     |  ♘  |  ♙  |     |     |     |     |
  +-----+-----+-----+-----+-----+-----+-----+-----+
5 |     |     |     |     |  ♙  |     |     |     |
  +-----+-----+-----+-----+-----+-----+-----+-----+
4 |     |     |  ♝  |     |  ♟  |     |  ♗  |     |
  +-----+-----+-----+-----+-----+-----+-----+-----+
3 |     |     |     |  ♟  |  ♝  |  ♞  |     |     |
  +-----+-----+-----+-----+-----+-----+-----+-----+
2 |  ♟  |  ♟  |  ♟  |     |     |  ♟  |  ♟  |  ♟  |
  +-----+-----+-----+-----+-----+-----+-----+-----+
1 |  ♜  |  ♞  |     |  ♛  |  ♚  |     |     |  ♜  |
  +-----+-----+-----+-----+-----+-----+-----+-----+
White eaten pieces: 0
Black eaten pieces: 0
Turn: WHITE
Enter your move: No piece eaten

     a     b     c     d     e     f     g     h    
  +-----+-----+-----+-----+-----+-----+-----+-----+
8 |  ♖  |     |     |     |  ♔  |  ♗  |  ♘  |  ♖  |
  +-----+-----+-----+-----+-----+-----+-----+-----+
7 |  ♙  |  ♙  |  ♙  |     |  ♕  |  ♙  |  ♙  |  ♙  |
  +-----+-----+-----+-----+-----+-----+-----+-----+
6 |     |     |  ♘  |  ♙  |     |     |     |     |
  +-----+-----+-----+-----+-----+-----+-----+-----+
5 |     |     |     |     |  ♙  |     |     |     |
  +-----+-----+-----+-----+-----+-----+-----+-----+
4 |     |     |  ♝  |     |  ♟  |     |  ♗  |     |
  +-----+-----+-----+-----+-----+-----+-----+-----+
3 |     |     |  ♞  |  ♟  |  ♝  |  ♞  |     |     |
  +-----+-----+-----+-----+-----+-----+-----+-----+
2 |  ♟  |  ♟  |  ♟  |     |     |  ♟  |  ♟  |  ♟  |
  +-----+-----+-----+-----+-----+-----+-----+-----+
1 |  ♜  |     |     |  ♛  |  ♚  |     |     |  ♜  |
  +-----+-----+-----+-----+-----+-----+-----+-----+
White eaten pieces: 0
Black eaten pieces: 0
Turn: BLACK
Enter your move: 
     a     b     c     d     e     f     g     h    
  +-----+-----+-----+-----+-----+-----+-----+-----+
8 |     |     |  ♔  |  ♖  |     |  ♗  |  ♘  |  ♖  |
  +-----+-----+-----+-----+-----+-----+-----+-----+
7 |  ♙  |  ♙  |  ♙  |     |  ♕  |  ♙  |  ♙  |  ♙  |
  +-----+-----+-----+-----+-----+-----+-----+-----+
6 |     |     |  ♘  |  ♙  |     |     |     |     |
  +-----+-----+-----+-----+-----+-----+-----+-----+
5 |     |     |     |     |  ♙  |     |     |     |
  +-----+-----+-----+-----+-----+-----+-----+-----+
4 |     |     |  ♝  |     |  ♟  |     |  ♗  |     |
  +-----+-----+-----+-----+-----+-----+-----+-----+
3 |     |     |  ♞  |  ♟  |  ♝  |  ♞  |     |     |
  +-----+-----+-----+-----+-----+-----+-----+-----+
2 |  ♟  |  ♟  |  ♟  |     |     |  ♟  |  ♟  |  ♟  |
  +-----+-----+-----+-----+-----+-----+-----+-----+
1 |  ♜  |     |     |  ♛  |  ♚  |     |     |  ♜  |
  +-----+-----+-----+-----+-----+-----+-----+-----+
White eaten pieces: 0
Black eaten pieces: 0
Turn: WHITE
Enter your move: 
wR,,,wQ,wK,,,wR,wP,wP,wP,,,wP,wP,wP,,,wN,wP,wB,wN,,,,,wB,,wP,,bB,,,,,,bP,,,,,,bN,bP,,,,,bP,bP,bP,,bQ,bP,bP,bP,,,bK,bR,,bB,bN,bR, ?-?
  -> [0;32mreference position: OK[0m
  -> [0;32mreference result: OK[0m
  -> [0m(exit code=0)
data/3-leg-kside-castling-king-move.txt
Game init
Game running

     a     b     c     d     e     f     g     h    
  +-----+-----+-----+-----+-----+-----+-----+-----+
8 |  ♖  |  ♘  |  ♗  |  ♕  |  ♔  |  ♗  |  ♘  |  ♖  |
  +-----+-----+-----+-----+-----+-----+-----+-----+
7 |  ♙  |  ♙  |  ♙  |  ♙  |  ♙  |  ♙  |  ♙  |  ♙  |
  +-----+-----+-----+-----+-----+-----+-----+-----+
6 |     |     |     |     |     |     |     |     |
  +-----+-----+-----+-----+-----+-----+-----+-----+
5 |     |     |     |     |     |     |     |     |
  +-----+-----+-----+-----+-----+-----+-----+-----+
4 |     |     |     |     |     |     |     |     |
  +-----+-----+-----+-----+-----+-----+-----+-----+
3 |     |     |     |     |     |     |     |     |
  +-----+-----+-----+-----+-----+-----+-----+-----+
2 |  ♟  |  ♟  |  ♟  |  ♟  |  ♟  |  ♟  |  ♟  |  ♟  |
  +-----+-----+-----+-----+-----+-----+-----+-----+
1 |  ♜  |  ♞  |  ♝  |  ♛  |  ♚  |  ♝  |  ♞  |  ♜  |
  +-----+-----+-----+-----+-----+-----+-----+-----+
White eaten pieces: 0
Black eaten pieces: 0
Turn: WHITE

Enter your move: No piece eaten

     a     b     c     d     e     f     g     h    
  +-----+-----+-----+-----+-----+-----+-----+-----+
8 |  ♖  |  ♘  |  ♗  |  ♕  |  ♔  |  ♗  |  ♘  |  ♖  |
  +-----+-----+-----+-----+-----+-----+-----+-----+
7 |  ♙  |  ♙  |  ♙  |  ♙  |  ♙  |  ♙  |  ♙  |  ♙  |
  +-----+-----+-----+-----+-----+-----+-----+-----+
6 |     |     |     |     |     |     |     |     |
  +-----+-----+-----+-----+-----+-----+-----+-----+
5 |     |     |     |     |     |     |     |     |
  +-----+-----+-----+-----+-----+-----+-----+-----+
4 |     |     |     |     |  ♟  |     |     |     |
  +-----+-----+-----+-----+-----+-----+-----+-----+
3 |     |     |     |     |     |     |     |     |
  +-----+-----+-----+-----+-----+-----+-----+-----+
2 |  ♟  |  ♟  |  ♟  |  ♟  |     |  ♟  |  ♟  |  ♟  |
  +-----+-----+-----+-----+-----+-----+-----+-----+
1 |  ♜  |  ♞  |  ♝  |  ♛  |  ♚  |  ♝  |  ♞  |  ♜  |
  +-----+-----+-----+-----+-----+-----+-----+-----+
White eaten pieces: 0
Black eaten pieces: 0
Turn: BLACK
Enter your move: No piece eaten

     a     b     c     d     e     f     g     h    
  +-----+-----+-----+-----+-----+-----+-----+-----+
8 |  ♖  |  ♘  |  ♗  |  ♕  |  ♔  |  ♗  |  ♘  |  ♖  |
  +-----+-----+-----+-----+-----+-----+-----+-----+
7 |  ♙  |  ♙  |  ♙  |  ♙  |     |  ♙  |  ♙  |  ♙  |
  +-----+-----+-----+-----+-----+-----+-----+-----+
6 |     |     |     |     |     |     |     |     |
  +-----+-----+-----+-----+-----+-----+-----+-----+
5 |     |     |     |     |  ♙  |     |     |     |
  +-----+-----+-----+-----+-----+-----+-----+-----+
4 |     |     |     |     |  ♟  |     |     |     |
  +-----+-----+-----+-----+-----+-----+-----+-----+
3 |     |     |     |     |     |     |     |     |
  +-----+-----+-----+-----+-----+-----+-----+-----+
2 |  ♟  |  ♟  |  ♟  |  ♟  |     |  ♟  |  ♟  |  ♟  |
  +-----+-----+-----+-----+-----+-----+-----+-----+
1 |  ♜  |  ♞  |  ♝  |  ♛  |  ♚  |  ♝  |  ♞  |  ♜  |
  +-----+-----+-----+-----+-----+-----+-----+-----+
White eaten pieces: 0
Black eaten pieces: 0
Turn: WHITE
Enter your move: No piece eaten

     a     b     c     d     e     f     g     h    
  +-----+-----+-----+-----+-----+-----+-----+-----+
8 |  ♖  |  ♘  |  ♗  |  ♕  |  ♔  |  ♗  |  ♘  |  ♖  |
  +-----+-----+-----+-----+-----+-----+-----+-----+
7 |  ♙  |  ♙  |  ♙  |  ♙  |     |  ♙  |  ♙  |  ♙  |
  +-----+-----+-----+-----+-----+-----+-----+-----+
6 |     |     |     |     |     |     |     |     |
  +-----+-----+-----+-----+-----+-----+-----+-----+
5 |     |     |     |     |  ♙  |     |     |     |
  +-----+-----+-----+-----+-----+-----+-----+-----+
4 |     |     |     |     |  ♟  |     |     |     |
  +-----+-----+-----+-----+-----+-----+-----+-----+
3 |     |     |     |     |     |  ♞  |     |     |
  +-----+-----+-----+-----+-----+-----+-----+-----+
2 |  ♟  |  ♟  |  ♟  |  ♟  |     |  ♟  |  ♟  |  ♟  |
  +-----+-----+-----+-----+-----+-----+-----+-----+
1 |  ♜  |  ♞  |  ♝  |  ♛  |  ♚  |  ♝  |     |  ♜  |
  +-----+-----+-----+-----+-----+-----+-----+-----+
White eaten pieces: 0
Black eaten pieces: 0
Turn: BLACK
Enter your move: No piece eaten

     a     b     c     d     e     f     g     h    
  +-----+-----+-----+-----+-----+-----+-----+-----+
8 |  ♖  |  ♘  |  ♗  |  ♕  |  ♔  |     |  ♘  |  ♖  |
  +-----+-----+-----+-----+-----+-----+-----+-----+
7 |  ♙  |  ♙  |  ♙  |  ♙  |     |  ♙  |  ♙  |  ♙  |
  +-----+-----+-----+-----+-----+-----+-----+-----+
6 |     |     |     |     |     |     |     |     |
  +-----+-----+-----+-----+-----+-----+-----+-----+
5 |     |     |     |     |  ♙  |     |     |     |
  +-----+-----+-----+-----+-----+-----+-----+-----+
4 |     |  ♗  |     |     |  ♟  |     |     |     |
  +-----+-----+-----+-----+-----+-----+-----+-----+
3 |     |     |     |     |     |  ♞  |     |     |
  +-----+-----+-----+-----+-----+-----+-----+-----+
2 |  ♟  |  ♟  |  ♟  |  ♟  |     |  ♟  |  ♟  |  ♟  |
  +-----+-----+-----+-----+-----+-----+-----+-----+
1 |  ♜  |  ♞  |  ♝  |  ♛  |  ♚  |  ♝  |     |  ♜  |
  +-----+-----+-----+-----+-----+-----+-----+-----+
White eaten pieces: 0
Black eaten pieces: 0
Turn: WHITE
Enter your move: No piece eaten

     a     b     c     d     e     f     g     h    
  +-----+-----+-----+-----+-----+-----+-----+-----+
8 |  ♖  |  ♘  |  ♗  |  ♕  |  ♔  |     |  ♘  |  ♖  |
  +-----+-----+-----+-----+-----+-----+-----+-----+
7 |  ♙  |  ♙  |  ♙  |  ♙  |     |  ♙  |  ♙  |  ♙  |
  +-----+-----+-----+-----+-----+-----+-----+-----+
6 |     |     |     |     |     |     |     |     |
  +-----+-----+-----+-----+-----+-----+-----+-----+
5 |     |  ♝  |     |     |  ♙  |     |     |     |
  +-----+-----+-----+-----+-----+-----+-----+-----+
4 |     |  ♗  |     |     |  ♟  |     |     |     |
  +-----+-----+-----+-----+-----+-----+-----+-----+
3 |     |     |     |     |     |  ♞  |     |     |
  +-----+-----+-----+-----+-----+-----+-----+-----+
2 |  ♟  |  ♟  |  ♟  |  ♟  |     |  ♟  |  ♟  |  ♟  |
  +-----+-----+-----+-----+-----+-----+-----+-----+
1 |  ♜  |  ♞  |  ♝  |  ♛  |  ♚  |     |     |  ♜  |
  +-----+-----+-----+-----+-----+-----+-----+-----+
White eaten pieces: 0
Black eaten pieces: 0
Turn: BLACK
Enter your move: No piece eaten

     a     b     c     d     e     f     g     h    
  +-----+-----+-----+-----+-----+-----+-----+-----+
8 |  ♖  |  ♘  |  ♗  |  ♕  |  ♔  |     |     |  ♖  |
  +-----+-----+-----+-----+-----+-----+-----+-----+
7 |  ♙  |  ♙  |  ♙  |  ♙  |     |  ♙  |  ♙  |  ♙  |
  +-----+-----+-----+-----+-----+-----+-----+-----+
6 |     |     |     |     |     |  ♘  |     |     |
  +-----+-----+-----+-----+-----+-----+-----+-----+
5 |     |  ♝  |     |     |  ♙  |     |     |     |
  +-----+-----+-----+-----+-----+-----+-----+-----+
4 |     |  ♗  |     |     |  ♟  |     |     |     |
  +-----+-----+-----+-----+-----+-----+-----+-----+
3 |     |     |     |     |     |  ♞  |     |     |
  +-----+-----+-----+-----+-----+-----+-----+-----+
2 |  ♟  |  ♟  |  ♟  |  ♟  |     |  ♟  |  ♟  |  ♟  |
  +-----+-----+-----+-----+-----+-----+-----+-----+
1 |  ♜  |  ♞  |  ♝  |  ♛  |  ♚  |     |     |  ♜  |
  +-----+-----+-----+-----+-----+-----+-----+-----+
White eaten pieces: 0
Black eaten pieces: 0
Turn: WHITE
Enter your move: 
     a     b     c     d     e     f     g     h    
  +-----+-----+-----+-----+-----+-----+-----+-----+
8 |  ♖  |  ♘  |  ♗  |  ♕  |  ♔  |     |     |  ♖  |
  +-----+-----+-----+-----+-----+-----+-----+-----+
7 |  ♙  |  ♙  |  ♙  |  ♙  |     |  ♙  |  ♙  |  ♙  |
  +-----+-----+-----+-----+-----+-----+-----+-----+
6 |     |     |     |     |     |  ♘  |     |     |
  +-----+-----+-----+-----+-----+-----+-----+-----+
5 |     |  ♝  |     |     |  ♙  |     |     |     |
  +-----+-----+-----+-----+-----+-----+-----+-----+
4 |     |  ♗  |     |     |  ♟  |     |     |     |
  +-----+-----+-----+-----+-----+-----+-----+-----+
3 |     |     |     |     |     |  ♞  |     |     |
  +-----+-----+-----+-----+-----+-----+-----+-----+
2 |  ♟  |  ♟  |  ♟  |  ♟  |     |  ♟  |  ♟  |  ♟  |
  +-----+-----+-----+-----+-----+-----+-----+-----+
1 |  ♜  |  ♞  |  ♝  |  ♛  |     |  ♜  |  ♚  |     |
  +-----+-----+-----+-----+-----+-----+-----+-----+
White eaten pieces: 0
Black eaten pieces: 0
Turn: BLACK
Enter your move: 
     a     b     c     d     e     f     g     h    
  +-----+-----+-----+-----+-----+-----+-----+-----+
8 |  ♖  |  ♘  |  ♗  |  ♕  |     |  ♖  |  ♔  |     |
  +-----+-----+-----+-----+-----+-----+-----+-----+
7 |  ♙  |  ♙  |  ♙  |  ♙  |     |  ♙  |  ♙  |  ♙  |
  +-----+-----+-----+-----+-----+-----+-----+-----+
6 |     |     |     |     |     |  ♘  |     |     |
  +-----+-----+-----+-----+-----+-----+-----+-----+
5 |     |  ♝  |     |     |  ♙  |     |     |     |
  +-----+-----+-----+-----+-----+-----+-----+-----+
4 |     |  ♗  |     |     |  ♟  |     |     |     |
  +-----+-----+-----+-----+-----+-----+-----+-----+
3 |     |     |     |     |     |  ♞  |     |     |
  +-----+-----+-----+-----+-----+-----+-----+-----+
2 |  ♟  |  ♟  |  ♟  |  ♟  |     |  ♟  |  ♟  |  ♟  |
  +-----+-----+-----+-----+-----+-----+-----+-----+
1 |  ♜  |  ♞  |  ♝  |  ♛  |     |  ♜  |  ♚  |     |
  +-----+-----+-----+-----+-----+-----+-----+-----+
White eaten pieces: 0
Black eaten pieces: 0
Turn: WHITE
Enter your move: No piece eaten

     a     b     c     d     e     f     g     h    
  +-----+-----+-----+-----+-----+-----+-----+-----+
8 |  ♖  |  ♘  |  ♗  |  ♕  |     |  ♖  |  ♔  |     |
  +-----+-----+-----+-----+-----+-----+-----+-----+
7 |  ♙  |  ♙  |  ♙  |  ♙  |     |  ♙  |  ♙  |  ♙  |
  +-----+-----+-----+-----+-----+-----+-----+-----+
6 |     |     |     |     |     |  ♘  |     |     |
  +-----+-----+-----+-----+-----+-----+-----+-----+
5 |     |  ♝  |     |     |  ♙  |     |     |     |
  +-----+-----+-----+-----+-----+-----+-----+-----+
4 |     |  ♗  |     |     |  ♟  |     |     |     |
  +-----+-----+-----+-----+-----+-----+-----+-----+
3 |     |     |     |     |     |  ♞  |     |     |
  +-----+-----+-----+-----+-----+-----+-----+-----+
2 |  ♟  |  ♟  |  ♟  |  ♟  |     |  ♟  |  ♟  |  ♟  |
  +-----+-----+-----+-----+-----+-----+-----+-----+
1 |  ♜  |  ♞  |  ♝  |  ♛  |     |  ♜  |     |  ♚  |
  +-----+-----+-----+-----+-----+-----+-----+-----+
White eaten pieces: 0
Black eaten pieces: 0
Turn: BLACK
Enter your move: No piece eaten

     a     b     c     d     e     f     g     h    
  +-----+-----+-----+-----+-----+-----+-----+-----+
8 |  ♖  |  ♘  |  ♗  |  ♕  |     |  ♖  |     |  ♔  |
  +-----+-----+-----+-----+-----+-----+-----+-----+
7 |  ♙  |  ♙  |  ♙  |  ♙  |     |  ♙  |  ♙  |  ♙  |
  +-----+-----+-----+-----+-----+-----+-----+-----+
6 |     |     |     |     |     |  ♘  |     |     |
  +-----+-----+-----+-----+-----+-----+-----+-----+
5 |     |  ♝  |     |     |  ♙  |     |     |     |
  +-----+-----+-----+-----+-----+-----+-----+-----+
4 |     |  ♗  |     |     |  ♟  |     |     |     |
  +-----+-----+-----+-----+-----+-----+-----+-----+
3 |     |     |     |     |     |  ♞  |     |     |
  +-----+-----+-----+-----+-----+-----+-----+-----+
2 |  ♟  |  ♟  |  ♟  |  ♟  |     |  ♟  |  ♟  |  ♟  |
  +-----+-----+-----+-----+-----+-----+-----+-----+
1 |  ♜  |  ♞  |  ♝  |  ♛  |     |  ♜  |     |  ♚  |
  +-----+-----+-----+-----+-----+-----+-----+-----+
White eaten pieces: 0
Black eaten pieces: 0
Turn: WHITE
Enter your move: 
wR,wN,wB,wQ,,wR,,wK,wP,wP,wP,wP,,wP,wP,wP,,,,,,wN,,,,bB,,,wP,,,,,wB,,,bP,,,,,,,,,bN,,,bP,bP,bP,bP,,bP,bP,bP,bR,bN,bB,bQ,,bR,,bK, ?-?
  -> [0;32mreference position: OK[0m
  -> [0;32mreference result: OK[0m
  -> [0m(exit code=0)
data/3-leg-pawn-passing.txt
Game init
Game running

     a     b     c     d     e     f     g     h    
  +-----+-----+-----+-----+-----+-----+-----+-----+
8 |  ♖  |  ♘  |  ♗  |  ♕  |  ♔  |  ♗  |  ♘  |  ♖  |
  +-----+-----+-----+-----+-----+-----+-----+-----+
7 |  ♙  |  ♙  |  ♙  |  ♙  |  ♙  |  ♙  |  ♙  |  ♙  |
  +-----+-----+-----+-----+-----+-----+-----+-----+
6 |     |     |     |     |     |     |     |     |
  +-----+-----+-----+-----+-----+-----+-----+-----+
5 |     |     |     |     |     |     |     |     |
  +-----+-----+-----+-----+-----+-----+-----+-----+
4 |     |     |     |     |     |     |     |     |
  +-----+-----+-----+-----+-----+-----+-----+-----+
3 |     |     |     |     |     |     |     |     |
  +-----+-----+-----+-----+-----+-----+-----+-----+
2 |  ♟  |  ♟  |  ♟  |  ♟  |  ♟  |  ♟  |  ♟  |  ♟  |
  +-----+-----+-----+-----+-----+-----+-----+-----+
1 |  ♜  |  ♞  |  ♝  |  ♛  |  ♚  |  ♝  |  ♞  |  ♜  |
  +-----+-----+-----+-----+-----+-----+-----+-----+
White eaten pieces: 0
Black eaten pieces: 0
Turn: WHITE

Enter your move: No piece eaten

     a     b     c     d     e     f     g     h    
  +-----+-----+-----+-----+-----+-----+-----+-----+
8 |  ♖  |  ♘  |  ♗  |  ♕  |  ♔  |  ♗  |  ♘  |  ♖  |
  +-----+-----+-----+-----+-----+-----+-----+-----+
7 |  ♙  |  ♙  |  ♙  |  ♙  |  ♙  |  ♙  |  ♙  |  ♙  |
  +-----+-----+-----+-----+-----+-----+-----+-----+
6 |     |     |     |     |     |     |     |     |
  +-----+-----+-----+-----+-----+-----+-----+-----+
5 |     |     |     |     |     |     |     |     |
  +-----+-----+-----+-----+-----+-----+-----+-----+
4 |     |     |     |     |  ♟  |     |     |     |
  +-----+-----+-----+-----+-----+-----+-----+-----+
3 |     |     |     |     |     |     |     |     |
  +-----+-----+-----+-----+-----+-----+-----+-----+
2 |  ♟  |  ♟  |  ♟  |  ♟  |     |  ♟  |  ♟  |  ♟  |
  +-----+-----+-----+-----+-----+-----+-----+-----+
1 |  ♜  |  ♞  |  ♝  |  ♛  |  ♚  |  ♝  |  ♞  |  ♜  |
  +-----+-----+-----+-----+-----+-----+-----+-----+
White eaten pieces: 0
Black eaten pieces: 0
Turn: BLACK
Enter your move: No piece eaten

     a     b     c     d     e     f     g     h    
  +-----+-----+-----+-----+-----+-----+-----+-----+
8 |  ♖  |  ♘  |  ♗  |  ♕  |  ♔  |  ♗  |  ♘  |  ♖  |
  +-----+-----+-----+-----+-----+-----+-----+-----+
7 |  ♙  |  ♙  |     |  ♙  |  ♙  |  ♙  |  ♙  |  ♙  |
  +-----+-----+-----+-----+-----+-----+-----+-----+
6 |     |     |     |     |     |     |     |     |
  +-----+-----+-----+-----+-----+-----+-----+-----+
5 |     |     |  ♙  |     |     |     |     |     |
  +-----+-----+-----+-----+-----+-----+-----+-----+
4 |     |     |     |     |  ♟  |     |     |     |
  +-----+-----+-----+-----+-----+-----+-----+-----+
3 |     |     |     |     |     |     |     |     |
  +-----+-----+-----+-----+-----+-----+-----+-----+
2 |  ♟  |  ♟  |  ♟  |  ♟  |     |  ♟  |  ♟  |  ♟  |
  +-----+-----+-----+-----+-----+-----+-----+-----+
1 |  ♜  |  ♞  |  ♝  |  ♛  |  ♚  |  ♝  |  ♞  |  ♜  |
  +-----+-----+-----+-----+-----+-----+-----+-----+
White eaten pieces: 0
Black eaten pieces: 0
Turn: WHITE
Enter your move: No piece eaten

     a     b     c     d     e     f     g     h    
  +-----+-----+-----+-----+-----+-----+-----+-----+
8 |  ♖  |  ♘  |  ♗  |  ♕  |  ♔  |  ♗  |  ♘  |  ♖  |
  +-----+-----+-----+-----+-----+-----+-----+-----+
7 |  ♙  |  ♙  |     |  ♙  |  ♙  |  ♙  |  ♙  |  ♙  |
  +-----+-----+-----+-----+-----+-----+-----+-----+
6 |     |     |     |     |     |     |     |     |
  +-----+-----+-----+-----+-----+-----+-----+-----+
5 |     |     |  ♙  |     |  ♟  |     |     |     |
  +-----+-----+-----+-----+-----+-----+-----+-----+
4 |     |     |     |     |     |     |     |     |
  +-----+-----+-----+-----+-----+-----+-----+-----+
3 |     |     |     |     |     |     |     |     |
  +-----+-----+-----+-----+-----+-----+-----+-----+
2 |  ♟  |  ♟  |  ♟  |  ♟  |     |  ♟  |  ♟  |  ♟  |
  +-----+-----+-----+-----+-----+-----+-----+-----+
1 |  ♜  |  ♞  |  ♝  |  ♛  |  ♚  |  ♝  |  ♞  |  ♜  |
  +-----+-----+-----+-----+-----+-----+-----+-----+
White eaten pieces: 0
Black eaten pieces: 0
Turn: BLACK
Enter your move: No piece eaten

     a     b     c     d     e     f     g     h    
  +-----+-----+-----+-----+-----+-----+-----+-----+
8 |  ♖  |  ♘  |  ♗  |  ♕  |  ♔  |  ♗  |  ♘  |  ♖  |
  +-----+-----+-----+-----+-----+-----+-----+-----+
7 |  ♙  |  ♙  |     |  ♙  |  ♙  |     |  ♙  |  ♙  |
  +-----+-----+-----+-----+-----+-----+-----+-----+
6 |     |     |     |     |     |     |     |     |
  +-----+-----+-----+-----+-----+-----+-----+-----+
5 |     |     |  ♙  |     |  ♟  |  ♙  |     |     |
  +-----+-----+-----+-----+-----+-----+-----+-----+
4 |     |     |     |     |     |     |     |     |
  +-----+-----+-----+-----+-----+-----+-----+-----+
3 |     |     |     |     |     |     |     |     |
  +-----+-----+-----+-----+-----+-----+-----+-----+
2 |  ♟  |  ♟  |  ♟  |  ♟  |     |  ♟  |  ♟  |  ♟  |
  +-----+-----+-----+-----+-----+-----+-----+-----+
1 |  ♜  |  ♞  |  ♝  |  ♛  |  ♚  |  ♝  |  ♞  |  ♜  |
  +-----+-----+-----+-----+-----+-----+-----+-----+
White eaten pieces: 0
Black eaten pieces: 0
Turn: WHITE
Enter your move: Eaten piece: P

     a     b     c     d     e     f     g     h    
  +-----+-----+-----+-----+-----+-----+-----+-----+
8 |  ♖  |  ♘  |  ♗  |  ♕  |  ♔  |  ♗  |  ♘  |  ♖  |
  +-----+-----+-----+-----+-----+-----+-----+-----+
7 |  ♙  |  ♙  |     |  ♙  |  ♙  |     |  ♙  |  ♙  |
  +-----+-----+-----+-----+-----+-----+-----+-----+
6 |     |     |     |     |     |  ♟  |     |     |
  +-----+-----+-----+-----+-----+-----+-----+-----+
5 |     |     |  ♙  |     |     |     |     |     |
  +-----+-----+-----+-----+-----+-----+-----+-----+
4 |     |     |     |     |     |     |     |     |
  +-----+-----+-----+-----+-----+-----+-----+-----+
3 |     |     |     |     |     |     |     |     |
  +-----+-----+-----+-----+-----+-----+-----+-----+
2 |  ♟  |  ♟  |  ♟  |  ♟  |     |  ♟  |  ♟  |  ♟  |
  +-----+-----+-----+-----+-----+-----+-----+-----+
1 |  ♜  |  ♞  |  ♝  |  ♛  |  ♚  |  ♝  |  ♞  |  ♜  |
  +-----+-----+-----+-----+-----+-----+-----+-----+
White eaten pieces: 1
Black eaten pieces: 0
Turn: BLACK
Enter your move: 
wR,wN,wB,wQ,wK,wB,wN,wR,wP,wP,wP,wP,,wP,wP,wP,,,,,,,,,,,,,,,,,,,bP,,,,,,,,,,,wP,,,bP,bP,,bP,bP,,bP,bP,bR,bN,bB,bQ,bK,bB,bN,bR, ?-?
  -> [0;32mreference position: OK[0m
  -> [0;32mreference result: OK[0m
  -> [0m(exit code=0)
data/3-leg-qside-castling-1.txt
Game init
Game running

     a     b     c     d     e     f     g     h    
  +-----+-----+-----+-----+-----+-----+-----+-----+
8 |  ♖  |  ♘  |  ♗  |  ♕  |  ♔  |  ♗  |  ♘  |  ♖  |
  +-----+-----+-----+-----+-----+-----+-----+-----+
7 |  ♙  |  ♙  |  ♙  |  ♙  |  ♙  |  ♙  |  ♙  |  ♙  |
  +-----+-----+-----+-----+-----+-----+-----+-----+
6 |     |     |     |     |     |     |     |     |
  +-----+-----+-----+-----+-----+-----+-----+-----+
5 |     |     |     |     |     |     |     |     |
  +-----+-----+-----+-----+-----+-----+-----+-----+
4 |     |     |     |     |     |     |     |     |
  +-----+-----+-----+-----+-----+-----+-----+-----+
3 |     |     |     |     |     |     |     |     |
  +-----+-----+-----+-----+-----+-----+-----+-----+
2 |  ♟  |  ♟  |  ♟  |  ♟  |  ♟  |  ♟  |  ♟  |  ♟  |
  +-----+-----+-----+-----+-----+-----+-----+-----+
1 |  ♜  |  ♞  |  ♝  |  ♛  |  ♚  |  ♝  |  ♞  |  ♜  |
  +-----+-----+-----+-----+-----+-----+-----+-----+
White eaten pieces: 0
Black eaten pieces: 0
Turn: WHITE

Enter your move: No piece eaten

     a     b     c     d     e     f     g     h    
  +-----+-----+-----+-----+-----+-----+-----+-----+
8 |  ♖  |  ♘  |  ♗  |  ♕  |  ♔  |  ♗  |  ♘  |  ♖  |
  +-----+-----+-----+-----+-----+-----+-----+-----+
7 |  ♙  |  ♙  |  ♙  |  ♙  |  ♙  |  ♙  |  ♙  |  ♙  |
  +-----+-----+-----+-----+-----+-----+-----+-----+
6 |     |     |     |     |     |     |     |     |
  +-----+-----+-----+-----+-----+-----+-----+-----+
5 |     |     |     |     |     |     |     |     |
  +-----+-----+-----+-----+-----+-----+-----+-----+
4 |     |  ♟  |     |     |     |     |     |     |
  +-----+-----+-----+-----+-----+-----+-----+-----+
3 |     |     |     |     |     |     |     |     |
  +-----+-----+-----+-----+-----+-----+-----+-----+
2 |  ♟  |     |  ♟  |  ♟  |  ♟  |  ♟  |  ♟  |  ♟  |
  +-----+-----+-----+-----+-----+-----+-----+-----+
1 |  ♜  |  ♞  |  ♝  |  ♛  |  ♚  |  ♝  |  ♞  |  ♜  |
  +-----+-----+-----+-----+-----+-----+-----+-----+
White eaten pieces: 0
Black eaten pieces: 0
Turn: BLACK
Enter your move: No piece eaten

     a     b     c     d     e     f     g     h    
  +-----+-----+-----+-----+-----+-----+-----+-----+
8 |  ♖  |  ♘  |  ♗  |  ♕  |  ♔  |  ♗  |  ♘  |  ♖  |
  +-----+-----+-----+-----+-----+-----+-----+-----+
7 |  ♙  |     |  ♙  |  ♙  |  ♙  |  ♙  |  ♙  |  ♙  |
  +-----+-----+-----+-----+-----+-----+-----+-----+
6 |     |     |     |     |     |     |     |     |
  +-----+-----+-----+-----+-----+-----+-----+-----+
5 |     |  ♙  |     |     |     |     |     |     |
  +-----+-----+-----+-----+-----+-----+-----+-----+
4 |     |  ♟  |     |     |     |     |     |     |
  +-----+-----+-----+-----+-----+-----+-----+-----+
3 |     |     |     |     |     |     |     |     |
  +-----+-----+-----+-----+-----+-----+-----+-----+
2 |  ♟  |     |  ♟  |  ♟  |  ♟  |  ♟  |  ♟  |  ♟  |
  +-----+-----+-----+-----+-----+-----+-----+-----+
1 |  ♜  |  ♞  |  ♝  |  ♛  |  ♚  |  ♝  |  ♞  |  ♜  |
  +-----+-----+-----+-----+-----+-----+-----+-----+
White eaten pieces: 0
Black eaten pieces: 0
Turn: WHITE
Enter your move: No piece eaten

     a     b     c     d     e     f     g     h    
  +-----+-----+-----+-----+-----+-----+-----+-----+
8 |  ♖  |  ♘  |  ♗  |  ♕  |  ♔  |  ♗  |  ♘  |  ♖  |
  +-----+-----+-----+-----+-----+-----+-----+-----+
7 |  ♙  |     |  ♙  |  ♙  |  ♙  |  ♙  |  ♙  |  ♙  |
  +-----+-----+-----+-----+-----+-----+-----+-----+
6 |     |     |     |     |     |     |     |     |
  +-----+-----+-----+-----+-----+-----+-----+-----+
5 |     |  ♙  |     |     |     |     |     |     |
  +-----+-----+-----+-----+-----+-----+-----+-----+
4 |     |  ♟  |  ♟  |     |     |     |     |     |
  +-----+-----+-----+-----+-----+-----+-----+-----+
3 |     |     |     |     |     |     |     |     |
  +-----+-----+-----+-----+-----+-----+-----+-----+
2 |  ♟  |     |     |  ♟  |  ♟  |  ♟  |  ♟  |  ♟  |
  +-----+-----+-----+-----+-----+-----+-----+-----+
1 |  ♜  |  ♞  |  ♝  |  ♛  |  ♚  |  ♝  |  ♞  |  ♜  |
  +-----+-----+-----+-----+-----+-----+-----+-----+
White eaten pieces: 0
Black eaten pieces: 0
Turn: BLACK
Enter your move: No piece eaten

     a     b     c     d     e     f     g     h    
  +-----+-----+-----+-----+-----+-----+-----+-----+
8 |  ♖  |  ♘  |  ♗  |  ♕  |  ♔  |  ♗  |  ♘  |  ♖  |
  +-----+-----+-----+-----+-----+-----+-----+-----+
7 |  ♙  |     |     |  ♙  |  ♙  |  ♙  |  ♙  |  ♙  |
  +-----+-----+-----+-----+-----+-----+-----+-----+
6 |     |     |     |     |     |     |     |     |
  +-----+-----+-----+-----+-----+-----+-----+-----+
5 |     |  ♙  |  ♙  |     |     |     |     |     |
  +-----+-----+-----+-----+-----+-----+-----+-----+
4 |     |  ♟  |  ♟  |     |     |     |     |     |
  +-----+-----+-----+-----+-----+-----+-----+-----+
3 |     |     |     |     |     |     |     |     |
  +-----+-----+-----+-----+-----+-----+-----+-----+
2 |  ♟  |     |     |  ♟  |  ♟  |  ♟  |  ♟  |  ♟  |
  +-----+-----+-----+-----+-----+-----+-----+-----+
1 |  ♜  |  ♞  |  ♝  |  ♛  |  ♚  |  ♝  |  ♞  |  ♜  |
  +-----+-----+-----+-----+-----+-----+-----+-----+
White eaten pieces: 0
Black eaten pieces: 0
Turn: WHITE
Enter your move: No piece eaten

     a     b     c     d     e     f     g     h    
  +-----+-----+-----+-----+-----+-----+-----+-----+
8 |  ♖  |  ♘  |  ♗  |  ♕  |  ♔  |  ♗  |  ♘  |  ♖  |
  +-----+-----+-----+-----+-----+-----+-----+-----+
7 |  ♙  |     |     |  ♙  |  ♙  |  ♙  |  ♙  |  ♙  |
  +-----+-----+-----+-----+-----+-----+-----+-----+
6 |     |     |     |     |     |     |     |     |
  +-----+-----+-----+-----+-----+-----+-----+-----+
5 |     |  ♙  |  ♙  |     |     |     |     |     |
  +-----+-----+-----+-----+-----+-----+-----+-----+
4 |     |  ♟  |  ♟  |     |     |     |     |     |
  +-----+-----+-----+-----+-----+-----+-----+-----+
3 |  ♞  |     |     |     |     |     |     |     |
  +-----+-----+-----+-----+-----+-----+-----+-----+
2 |  ♟  |     |     |  ♟  |  ♟  |  ♟  |  ♟  |  ♟  |
  +-----+-----+-----+-----+-----+-----+-----+-----+
1 |  ♜  |     |  ♝  |  ♛  |  ♚  |  ♝  |  ♞  |  ♜  |
  +-----+-----+-----+-----+-----+-----+-----+-----+
White eaten pieces: 0
Black eaten pieces: 0
Turn: BLACK
Enter your move: No piece eaten

     a     b     c     d     e     f     g     h    
  +-----+-----+-----+-----+-----+-----+-----+-----+
8 |  ♖  |     |  ♗  |  ♕  |  ♔  |  ♗  |  ♘  |  ♖  |
  +-----+-----+-----+-----+-----+-----+-----+-----+
7 |  ♙  |     |     |  ♙  |  ♙  |  ♙  |  ♙  |  ♙  |
  +-----+-----+-----+-----+-----+-----+-----+-----+
6 |  ♘  |     |     |     |     |     |     |     |
  +-----+-----+-----+-----+-----+-----+-----+-----+
5 |     |  ♙  |  ♙  |     |     |     |     |     |
  +-----+-----+-----+-----+-----+-----+-----+-----+
4 |     |  ♟  |  ♟  |     |     |     |     |     |
  +-----+-----+-----+-----+-----+-----+-----+-----+
3 |  ♞  |     |     |     |     |     |     |     |
  +-----+-----+-----+-----+-----+-----+-----+-----+
2 |  ♟  |     |     |  ♟  |  ♟  |  ♟  |  ♟  |  ♟  |
  +-----+-----+-----+-----+-----+-----+-----+-----+
1 |  ♜  |     |  ♝  |  ♛  |  ♚  |  ♝  |  ♞  |  ♜  |
  +-----+-----+-----+-----+-----+-----+-----+-----+
White eaten pieces: 0
Black eaten pieces: 0
Turn: WHITE
Enter your move: No piece eaten

     a     b     c     d     e     f     g     h    
  +-----+-----+-----+-----+-----+-----+-----+-----+
8 |  ♖  |     |  ♗  |  ♕  |  ♔  |  ♗  |  ♘  |  ♖  |
  +-----+-----+-----+-----+-----+-----+-----+-----+
7 |  ♙  |     |     |  ♙  |  ♙  |  ♙  |  ♙  |  ♙  |
  +-----+-----+-----+-----+-----+-----+-----+-----+
6 |  ♘  |     |     |     |     |     |     |     |
  +-----+-----+-----+-----+-----+-----+-----+-----+
5 |     |  ♙  |  ♙  |     |     |     |     |     |
  +-----+-----+-----+-----+-----+-----+-----+-----+
4 |     |  ♟  |  ♟  |     |     |     |     |     |
  +-----+-----+-----+-----+-----+-----+-----+-----+
3 |  ♞  |     |     |     |     |     |     |     |
  +-----+-----+-----+-----+-----+-----+-----+-----+
2 |  ♟  |  ♝  |     |  ♟  |  ♟  |  ♟  |  ♟  |  ♟  |
  +-----+-----+-----+-----+-----+-----+-----+-----+
1 |  ♜  |     |     |  ♛  |  ♚  |  ♝  |  ♞  |  ♜  |
  +-----+-----+-----+-----+-----+-----+-----+-----+
White eaten pieces: 0
Black eaten pieces: 0
Turn: BLACK
Enter your move: No piece eaten

     a     b     c     d     e     f     g     h    
  +-----+-----+-----+-----+-----+-----+-----+-----+
8 |  ♖  |     |     |  ♕  |  ♔  |  ♗  |  ♘  |  ♖  |
  +-----+-----+-----+-----+-----+-----+-----+-----+
7 |  ♙  |  ♗  |     |  ♙  |  ♙  |  ♙  |  ♙  |  ♙  |
  +-----+-----+-----+-----+-----+-----+-----+-----+
6 |  ♘  |     |     |     |     |     |     |     |
  +-----+-----+-----+-----+-----+-----+-----+-----+
5 |     |  ♙  |  ♙  |     |     |     |     |     |
  +-----+-----+-----+-----+-----+-----+-----+-----+
4 |     |  ♟  |  ♟  |     |     |     |     |     |
  +-----+-----+-----+-----+-----+-----+-----+-----+
3 |  ♞  |     |     |     |     |     |     |     |
  +-----+-----+-----+-----+-----+-----+-----+-----+
2 |  ♟  |  ♝  |     |  ♟  |  ♟  |  ♟  |  ♟  |  ♟  |
  +-----+-----+-----+-----+-----+-----+-----+-----+
1 |  ♜  |     |     |  ♛  |  ♚  |  ♝  |  ♞  |  ♜  |
  +-----+-----+-----+-----+-----+-----+-----+-----+
White eaten pieces: 0
Black eaten pieces: 0
Turn: WHITE
Enter your move: No piece eaten

     a     b     c     d     e     f     g     h    
  +-----+-----+-----+-----+-----+-----+-----+-----+
8 |  ♖  |     |     |  ♕  |  ♔  |  ♗  |  ♘  |  ♖  |
  +-----+-----+-----+-----+-----+-----+-----+-----+
7 |  ♙  |  ♗  |     |  ♙  |  ♙  |  ♙  |  ♙  |  ♙  |
  +-----+-----+-----+-----+-----+-----+-----+-----+
6 |  ♘  |     |     |     |     |     |     |     |
  +-----+-----+-----+-----+-----+-----+-----+-----+
5 |     |  ♙  |  ♙  |     |     |     |     |     |
  +-----+-----+-----+-----+-----+-----+-----+-----+
4 |     |  ♟  |  ♟  |     |     |     |     |     |
  +-----+-----+-----+-----+-----+-----+-----+-----+
3 |  ♞  |     |     |     |     |     |     |     |
  +-----+-----+-----+-----+-----+-----+-----+-----+
2 |  ♟  |  ♝  |  ♛  |  ♟  |  ♟  |  ♟  |  ♟  |  ♟  |
  +-----+-----+-----+-----+-----+-----+-----+-----+
1 |  ♜  |     |     |     |  ♚  |  ♝  |  ♞  |  ♜  |
  +-----+-----+-----+-----+-----+-----+-----+-----+
White eaten pieces: 0
Black eaten pieces: 0
Turn: BLACK
Enter your move: No piece eaten

     a     b     c     d     e     f     g     h    
  +-----+-----+-----+-----+-----+-----+-----+-----+
8 |  ♖  |     |     |     |  ♔  |  ♗  |  ♘  |  ♖  |
  +-----+-----+-----+-----+-----+-----+-----+-----+
7 |  ♙  |  ♗  |  ♕  |  ♙  |  ♙  |  ♙  |  ♙  |  ♙  |
  +-----+-----+-----+-----+-----+-----+-----+-----+
6 |  ♘  |     |     |     |     |     |     |     |
  +-----+-----+-----+-----+-----+-----+-----+-----+
5 |     |  ♙  |  ♙  |     |     |     |     |     |
  +-----+-----+-----+-----+-----+-----+-----+-----+
4 |     |  ♟  |  ♟  |     |     |     |     |     |
  +-----+-----+-----+-----+-----+-----+-----+-----+
3 |  ♞  |     |     |     |     |     |     |     |
  +-----+-----+-----+-----+-----+-----+-----+-----+
2 |  ♟  |  ♝  |  ♛  |  ♟  |  ♟  |  ♟  |  ♟  |  ♟  |
  +-----+-----+-----+-----+-----+-----+-----+-----+
1 |  ♜  |     |     |     |  ♚  |  ♝  |  ♞  |  ♜  |
  +-----+-----+-----+-----+-----+-----+-----+-----+
White eaten pieces: 0
Black eaten pieces: 0
Turn: WHITE
Enter your move: 
     a     b     c     d     e     f     g     h    
  +-----+-----+-----+-----+-----+-----+-----+-----+
8 |  ♖  |     |     |     |  ♔  |  ♗  |  ♘  |  ♖  |
  +-----+-----+-----+-----+-----+-----+-----+-----+
7 |  ♙  |  ♗  |  ♕  |  ♙  |  ♙  |  ♙  |  ♙  |  ♙  |
  +-----+-----+-----+-----+-----+-----+-----+-----+
6 |  ♘  |     |     |     |     |     |     |     |
  +-----+-----+-----+-----+-----+-----+-----+-----+
5 |     |  ♙  |  ♙  |     |     |     |     |     |
  +-----+-----+-----+-----+-----+-----+-----+-----+
4 |     |  ♟  |  ♟  |     |     |     |     |     |
  +-----+-----+-----+-----+-----+-----+-----+-----+
3 |  ♞  |     |     |     |     |     |     |     |
  +-----+-----+-----+-----+-----+-----+-----+-----+
2 |  ♟  |  ♝  |  ♛  |  ♟  |  ♟  |  ♟  |  ♟  |  ♟  |
  +-----+-----+-----+-----+-----+-----+-----+-----+
1 |     |     |  ♚  |  ♜  |     |  ♝  |  ♞  |  ♜  |
  +-----+-----+-----+-----+-----+-----+-----+-----+
White eaten pieces: 0
Black eaten pieces: 0
Turn: BLACK
Enter your move: 
     a     b     c     d     e     f     g     h    
  +-----+-----+-----+-----+-----+-----+-----+-----+
8 |     |     |  ♔  |  ♖  |     |  ♗  |  ♘  |  ♖  |
  +-----+-----+-----+-----+-----+-----+-----+-----+
7 |  ♙  |  ♗  |  ♕  |  ♙  |  ♙  |  ♙  |  ♙  |  ♙  |
  +-----+-----+-----+-----+-----+-----+-----+-----+
6 |  ♘  |     |     |     |     |     |     |     |
  +-----+-----+-----+-----+-----+-----+-----+-----+
5 |     |  ♙  |  ♙  |     |     |     |     |     |
  +-----+-----+-----+-----+-----+-----+-----+-----+
4 |     |  ♟  |  ♟  |     |     |     |     |     |
  +-----+-----+-----+-----+-----+-----+-----+-----+
3 |  ♞  |     |     |     |     |     |     |     |
  +-----+-----+-----+-----+-----+-----+-----+-----+
2 |  ♟  |  ♝  |  ♛  |  ♟  |  ♟  |  ♟  |  ♟  |  ♟  |
  +-----+-----+-----+-----+-----+-----+-----+-----+
1 |     |     |  ♚  |  ♜  |     |  ♝  |  ♞  |  ♜  |
  +-----+-----+-----+-----+-----+-----+-----+-----+
White eaten pieces: 0
Black eaten pieces: 0
Turn: WHITE
Enter your move: 
,,wK,wR,,wB,wN,wR,wP,wB,wQ,wP,wP,wP,wP,wP,wN,,,,,,,,,wP,wP,,,,,,,bP,bP,,,,,,bN,,,,,,,,bP,bB,bQ,bP,bP,bP,bP,bP,,,bK,bR,,bB,bN,bR, ?-?
  -> [0;32mreference position: OK[0m
  -> [0;32mreference result: OK[0m
  -> [0m(exit code=0)
data/3-leg-qside-castling-2.txt
Game init
Game running

     a     b     c     d     e     f     g     h    
  +-----+-----+-----+-----+-----+-----+-----+-----+
8 |  ♖  |  ♘  |  ♗  |  ♕  |  ♔  |  ♗  |  ♘  |  ♖  |
  +-----+-----+-----+-----+-----+-----+-----+-----+
7 |  ♙  |  ♙  |  ♙  |  ♙  |  ♙  |  ♙  |  ♙  |  ♙  |
  +-----+-----+-----+-----+-----+-----+-----+-----+
6 |     |     |     |     |     |     |     |     |
  +-----+-----+-----+-----+-----+-----+-----+-----+
5 |     |     |     |     |     |     |     |     |
  +-----+-----+-----+-----+-----+-----+-----+-----+
4 |     |     |     |     |     |     |     |     |
  +-----+-----+-----+-----+-----+-----+-----+-----+
3 |     |     |     |     |     |     |     |     |
  +-----+-----+-----+-----+-----+-----+-----+-----+
2 |  ♟  |  ♟  |  ♟  |  ♟  |  ♟  |  ♟  |  ♟  |  ♟  |
  +-----+-----+-----+-----+-----+-----+-----+-----+
1 |  ♜  |  ♞  |  ♝  |  ♛  |  ♚  |  ♝  |  ♞  |  ♜  |
  +-----+-----+-----+-----+-----+-----+-----+-----+
White eaten pieces: 0
Black eaten pieces: 0
Turn: WHITE

Enter your move: No piece eaten

     a     b     c     d     e     f     g     h    
  +-----+-----+-----+-----+-----+-----+-----+-----+
8 |  ♖  |  ♘  |  ♗  |  ♕  |  ♔  |  ♗  |  ♘  |  ♖  |
  +-----+-----+-----+-----+-----+-----+-----+-----+
7 |  ♙  |  ♙  |  ♙  |  ♙  |  ♙  |  ♙  |  ♙  |  ♙  |
  +-----+-----+-----+-----+-----+-----+-----+-----+
6 |     |     |     |     |     |     |     |     |
  +-----+-----+-----+-----+-----+-----+-----+-----+
5 |     |     |     |     |     |     |     |     |
  +-----+-----+-----+-----+-----+-----+-----+-----+
4 |     |     |     |     |  ♟  |     |     |     |
  +-----+-----+-----+-----+-----+-----+-----+-----+
3 |     |     |     |     |     |     |     |     |
  +-----+-----+-----+-----+-----+-----+-----+-----+
2 |  ♟  |  ♟  |  ♟  |  ♟  |     |  ♟  |  ♟  |  ♟  |
  +-----+-----+-----+-----+-----+-----+-----+-----+
1 |  ♜  |  ♞  |  ♝  |  ♛  |  ♚  |  ♝  |  ♞  |  ♜  |
  +-----+-----+-----+-----+-----+-----+-----+-----+
White eaten pieces: 0
Black eaten pieces: 0
Turn: BLACK
Enter your move: No piece eaten

     a     b     c     d     e     f     g     h    
  +-----+-----+-----+-----+-----+-----+-----+-----+
8 |  ♖  |  ♘  |  ♗  |  ♕  |  ♔  |  ♗  |  ♘  |  ♖  |
  +-----+-----+-----+-----+-----+-----+-----+-----+
7 |  ♙  |  ♙  |  ♙  |  ♙  |     |  ♙  |  ♙  |  ♙  |
  +-----+-----+-----+-----+-----+-----+-----+-----+
6 |     |     |     |     |     |     |     |     |
  +-----+-----+-----+-----+-----+-----+-----+-----+
5 |     |     |     |     |  ♙  |     |     |     |
  +-----+-----+-----+-----+-----+-----+-----+-----+
4 |     |     |     |     |  ♟  |     |     |     |
  +-----+-----+-----+-----+-----+-----+-----+-----+
3 |     |     |     |     |     |     |     |     |
  +-----+-----+-----+-----+-----+-----+-----+-----+
2 |  ♟  |  ♟  |  ♟  |  ♟  |     |  ♟  |  ♟  |  ♟  |
  +-----+-----+-----+-----+-----+-----+-----+-----+
1 |  ♜  |  ♞  |  ♝  |  ♛  |  ♚  |  ♝  |  ♞  |  ♜  |
  +-----+-----+-----+-----+-----+-----+-----+-----+
White eaten pieces: 0
Black eaten pieces: 0
Turn: WHITE
Enter your move: No piece eaten

     a     b     c     d     e     f     g     h    
  +-----+-----+-----+-----+-----+-----+-----+-----+
8 |  ♖  |  ♘  |  ♗  |  ♕  |  ♔  |  ♗  |  ♘  |  ♖  |
  +-----+-----+-----+-----+-----+-----+-----+-----+
7 |  ♙  |  ♙  |  ♙  |  ♙  |     |  ♙  |  ♙  |  ♙  |
  +-----+-----+-----+-----+-----+-----+-----+-----+
6 |     |     |     |     |     |     |     |     |
  +-----+-----+-----+-----+-----+-----+-----+-----+
5 |     |     |     |     |  ♙  |     |     |     |
  +-----+-----+-----+-----+-----+-----+-----+-----+
4 |     |     |     |     |  ♟  |     |     |     |
  +-----+-----+-----+-----+-----+-----+-----+-----+
3 |     |     |  ♞  |     |     |     |     |     |
  +-----+-----+-----+-----+-----+-----+-----+-----+
2 |  ♟  |  ♟  |  ♟  |  ♟  |     |  ♟  |  ♟  |  ♟  |
  +-----+-----+-----+-----+-----+-----+-----+-----+
1 |  ♜  |     |  ♝  |  ♛  |  ♚  |  ♝  |  ♞  |  ♜  |
  +-----+-----+-----+-----+-----+-----+-----+-----+
White eaten pieces: 0
Black eaten pieces: 0
Turn: BLACK
Enter your move: No piece eaten

     a     b     c     d     e     f     g     h    
  +-----+-----+-----+-----+-----+-----+-----+-----+
8 |  ♖  |     |  ♗  |  ♕  |  ♔  |  ♗  |  ♘  |  ♖  |
  +-----+-----+-----+-----+-----+-----+-----+-----+
7 |  ♙  |  ♙  |  ♙  |  ♙  |     |  ♙  |  ♙  |  ♙  |
  +-----+-----+-----+-----+-----+-----+-----+-----+
6 |     |     |  ♘  |     |     |     |     |     |
  +-----+-----+-----+-----+-----+-----+-----+-----+
5 |     |     |     |     |  ♙  |     |     |     |
  +-----+-----+-----+-----+-----+-----+-----+-----+
4 |     |     |     |     |  ♟  |     |     |     |
  +-----+-----+-----+-----+-----+-----+-----+-----+
3 |     |     |  ♞  |     |     |     |     |     |
  +-----+-----+-----+-----+-----+-----+-----+-----+
2 |  ♟  |  ♟  |  ♟  |  ♟  |     |  ♟  |  ♟  |  ♟  |
  +-----+-----+-----+-----+-----+-----+-----+-----+
1 |  ♜  |     |  ♝  |  ♛  |  ♚  |  ♝  |  ♞  |  ♜  |
  +-----+-----+-----+-----+-----+-----+-----+-----+
White eaten pieces: 0
Black eaten pieces: 0
Turn: WHITE
Enter your move: No piece eaten

     a     b     c     d     e     f     g     h    
  +-----+-----+-----+-----+-----+-----+-----+-----+
8 |  ♖  |     |  ♗  |  ♕  |  ♔  |  ♗  |  ♘  |  ♖  |
  +-----+-----+-----+-----+-----+-----+-----+-----+
7 |  ♙  |  ♙  |  ♙  |  ♙  |     |  ♙  |  ♙  |  ♙  |
  +-----+-----+-----+-----+-----+-----+-----+-----+
6 |     |     |  ♘  |     |     |     |     |     |
  +-----+-----+-----+-----+-----+-----+-----+-----+
5 |     |     |     |     |  ♙  |     |     |     |
  +-----+-----+-----+-----+-----+-----+-----+-----+
4 |     |     |     |     |  ♟  |     |     |     |
  +-----+-----+-----+-----+-----+-----+-----+-----+
3 |     |  ♟  |  ♞  |     |     |     |     |     |
  +-----+-----+-----+-----+-----+-----+-----+-----+
2 |  ♟  |     |  ♟  |  ♟  |     |  ♟  |  ♟  |  ♟  |
  +-----+-----+-----+-----+-----+-----+-----+-----+
1 |  ♜  |     |  ♝  |  ♛  |  ♚  |  ♝  |  ♞  |  ♜  |
  +-----+-----+-----+-----+-----+-----+-----+-----+
White eaten pieces: 0
Black eaten pieces: 0
Turn: BLACK
Enter your move: No piece eaten

     a     b     c     d     e     f     g     h    
  +-----+-----+-----+-----+-----+-----+-----+-----+
8 |  ♖  |     |  ♗  |  ♕  |  ♔  |     |  ♘  |  ♖  |
  +-----+-----+-----+-----+-----+-----+-----+-----+
7 |  ♙  |  ♙  |  ♙  |  ♙  |     |  ♙  |  ♙  |  ♙  |
  +-----+-----+-----+-----+-----+-----+-----+-----+
6 |     |     |  ♘  |     |     |     |     |     |
  +-----+-----+-----+-----+-----+-----+-----+-----+
5 |     |     |  ♗  |     |  ♙  |     |     |     |
  +-----+-----+-----+-----+-----+-----+-----+-----+
4 |     |     |     |     |  ♟  |     |     |     |
  +-----+-----+-----+-----+-----+-----+-----+-----+
3 |     |  ♟  |  ♞  |     |     |     |     |     |
  +-----+-----+-----+-----+-----+-----+-----+-----+
2 |  ♟  |     |  ♟  |  ♟  |     |  ♟  |  ♟  |  ♟  |
  +-----+-----+-----+-----+-----+-----+-----+-----+
1 |  ♜  |     |  ♝  |  ♛  |  ♚  |  ♝  |  ♞  |  ♜  |
  +-----+-----+-----+-----+-----+-----+-----+-----+
White eaten pieces: 0
Black eaten pieces: 0
Turn: WHITE
Enter your move: No piece eaten

     a     b     c     d     e     f     g     h    
  +-----+-----+-----+-----+-----+-----+-----+-----+
8 |  ♖  |     |  ♗  |  ♕  |  ♔  |     |  ♘  |  ♖  |
  +-----+-----+-----+-----+-----+-----+-----+-----+
7 |  ♙  |  ♙  |  ♙  |  ♙  |     |  ♙  |  ♙  |  ♙  |
  +-----+-----+-----+-----+-----+-----+-----+-----+
6 |     |     |  ♘  |     |     |     |     |     |
  +-----+-----+-----+-----+-----+-----+-----+-----+
5 |     |     |  ♗  |     |  ♙  |     |     |     |
  +-----+-----+-----+-----+-----+-----+-----+-----+
4 |     |     |     |     |  ♟  |     |     |     |
  +-----+-----+-----+-----+-----+-----+-----+-----+
3 |     |  ♟  |  ♞  |     |     |     |     |     |
  +-----+-----+-----+-----+-----+-----+-----+-----+
2 |  ♟  |  ♝  |  ♟  |  ♟  |     |  ♟  |  ♟  |  ♟  |
  +-----+-----+-----+-----+-----+-----+-----+-----+
1 |  ♜  |     |     |  ♛  |  ♚  |  ♝  |  ♞  |  ♜  |
  +-----+-----+-----+-----+-----+-----+-----+-----+
White eaten pieces: 0
Black eaten pieces: 0
Turn: BLACK
Enter your move: No piece eaten

     a     b     c     d     e     f     g     h    
  +-----+-----+-----+-----+-----+-----+-----+-----+
8 |  ♖  |     |  ♗  |  ♕  |  ♔  |     |  ♘  |  ♖  |
  +-----+-----+-----+-----+-----+-----+-----+-----+
7 |  ♙  |  ♙  |  ♙  |     |     |  ♙  |  ♙  |  ♙  |
  +-----+-----+-----+-----+-----+-----+-----+-----+
6 |     |     |  ♘  |  ♙  |     |     |     |     |
  +-----+-----+-----+-----+-----+-----+-----+-----+
5 |     |     |  ♗  |     |  ♙  |     |     |     |
  +-----+-----+-----+-----+-----+-----+-----+-----+
4 |     |     |     |     |  ♟  |     |     |     |
  +-----+-----+-----+-----+-----+-----+-----+-----+
3 |     |  ♟  |  ♞  |     |     |     |     |     |
  +-----+-----+-----+-----+-----+-----+-----+-----+
2 |  ♟  |  ♝  |  ♟  |  ♟  |     |  ♟  |  ♟  |  ♟  |
  +-----+-----+-----+-----+-----+-----+-----+-----+
1 |  ♜  |     |     |  ♛  |  ♚  |  ♝  |  ♞  |  ♜  |
  +-----+-----+-----+-----+-----+-----+-----+-----+
White eaten pieces: 0
Black eaten pieces: 0
Turn: WHITE
Enter your move: No piece eaten

     a     b     c     d     e     f     g     h    
  +-----+-----+-----+-----+-----+-----+-----+-----+
8 |  ♖  |     |  ♗  |  ♕  |  ♔  |     |  ♘  |  ♖  |
  +-----+-----+-----+-----+-----+-----+-----+-----+
7 |  ♙  |  ♙  |  ♙  |     |     |  ♙  |  ♙  |  ♙  |
  +-----+-----+-----+-----+-----+-----+-----+-----+
6 |     |     |  ♘  |  ♙  |     |     |     |     |
  +-----+-----+-----+-----+-----+-----+-----+-----+
5 |     |     |  ♗  |     |  ♙  |     |     |     |
  +-----+-----+-----+-----+-----+-----+-----+-----+
4 |     |     |     |     |  ♟  |     |     |     |
  +-----+-----+-----+-----+-----+-----+-----+-----+
3 |     |  ♟  |  ♞  |     |     |     |     |     |
  +-----+-----+-----+-----+-----+-----+-----+-----+
2 |  ♟  |  ♝  |  ♟  |  ♟  |  ♛  |  ♟  |  ♟  |  ♟  |
  +-----+-----+-----+-----+-----+-----+-----+-----+
1 |  ♜  |     |     |     |  ♚  |  ♝  |  ♞  |  ♜  |
  +-----+-----+-----+-----+-----+-----+-----+-----+
White eaten pieces: 0
Black eaten pieces: 0
Turn: BLACK
Enter your move: No piece eaten

     a     b     c     d     e     f     g     h    
  +-----+-----+-----+-----+-----+-----+-----+-----+
8 |  ♖  |     |  ♗  |  ♕  |  ♔  |     |     |  ♖  |
  +-----+-----+-----+-----+-----+-----+-----+-----+
7 |  ♙  |  ♙  |  ♙  |     |     |  ♙  |  ♙  |  ♙  |
  +-----+-----+-----+-----+-----+-----+-----+-----+
6 |     |     |  ♘  |  ♙  |     |  ♘  |     |     |
  +-----+-----+-----+-----+-----+-----+-----+-----+
5 |     |     |  ♗  |     |  ♙  |     |     |     |
  +-----+-----+-----+-----+-----+-----+-----+-----+
4 |     |     |     |     |  ♟  |     |     |     |
  +-----+-----+-----+-----+-----+-----+-----+-----+
3 |     |  ♟  |  ♞  |     |     |     |     |     |
  +-----+-----+-----+-----+-----+-----+-----+-----+
2 |  ♟  |  ♝  |  ♟  |  ♟  |  ♛  |  ♟  |  ♟  |  ♟  |
  +-----+-----+-----+-----+-----+-----+-----+-----+
1 |  ♜  |     |     |     |  ♚  |  ♝  |  ♞  |  ♜  |
  +-----+-----+-----+-----+-----+-----+-----+-----+
White eaten pieces: 0
Black eaten pieces: 0
Turn: WHITE
Enter your move: 
     a     b     c     d     e     f     g     h    
  +-----+-----+-----+-----+-----+-----+-----+-----+
8 |  ♖  |     |  ♗  |  ♕  |  ♔  |     |     |  ♖  |
  +-----+-----+-----+-----+-----+-----+-----+-----+
7 |  ♙  |  ♙  |  ♙  |     |     |  ♙  |  ♙  |  ♙  |
  +-----+-----+-----+-----+-----+-----+-----+-----+
6 |     |     |  ♘  |  ♙  |     |  ♘  |     |     |
  +-----+-----+-----+-----+-----+-----+-----+-----+
5 |     |     |  ♗  |     |  ♙  |     |     |     |
  +-----+-----+-----+-----+-----+-----+-----+-----+
4 |     |     |     |     |  ♟  |     |     |     |
  +-----+-----+-----+-----+-----+-----+-----+-----+
3 |     |  ♟  |  ♞  |     |     |     |     |     |
  +-----+-----+-----+-----+-----+-----+-----+-----+
2 |  ♟  |  ♝  |  ♟  |  ♟  |  ♛  |  ♟  |  ♟  |  ♟  |
  +-----+-----+-----+-----+-----+-----+-----+-----+
1 |     |     |  ♚  |  ♜  |     |  ♝  |  ♞  |  ♜  |
  +-----+-----+-----+-----+-----+-----+-----+-----+
White eaten pieces: 0
Black eaten pieces: 0
Turn: BLACK
Enter your move: 
,,wK,wR,,wB,wN,wR,wP,wB,wP,wP,wQ,wP,wP,wP,,wP,wN,,,,,,,,,,wP,,,,,,bB,,bP,,,,,,bN,bP,,bN,,,bP,bP,bP,,,bP,bP,bP,bR,,bB,bQ,bK,,,bR, ?-?
  -> [0;32mreference position: OK[0m
  -> [0;32mreference result: OK[0m
  -> [0m(exit code=0)
data/3-ill-kside-castling-1.txt
Game init
Game running

     a     b     c     d     e     f     g     h    
  +-----+-----+-----+-----+-----+-----+-----+-----+
8 |  ♖  |  ♘  |  ♗  |  ♕  |  ♔  |  ♗  |  ♘  |  ♖  |
  +-----+-----+-----+-----+-----+-----+-----+-----+
7 |  ♙  |  ♙  |  ♙  |  ♙  |  ♙  |  ♙  |  ♙  |  ♙  |
  +-----+-----+-----+-----+-----+-----+-----+-----+
6 |     |     |     |     |     |     |     |     |
  +-----+-----+-----+-----+-----+-----+-----+-----+
5 |     |     |     |     |     |     |     |     |
  +-----+-----+-----+-----+-----+-----+-----+-----+
4 |     |     |     |     |     |     |     |     |
  +-----+-----+-----+-----+-----+-----+-----+-----+
3 |     |     |     |     |     |     |     |     |
  +-----+-----+-----+-----+-----+-----+-----+-----+
2 |  ♟  |  ♟  |  ♟  |  ♟  |  ♟  |  ♟  |  ♟  |  ♟  |
  +-----+-----+-----+-----+-----+-----+-----+-----+
1 |  ♜  |  ♞  |  ♝  |  ♛  |  ♚  |  ♝  |  ♞  |  ♜  |
  +-----+-----+-----+-----+-----+-----+-----+-----+
White eaten pieces: 0
Black eaten pieces: 0
Turn: WHITE

Enter your move: No piece eaten

     a     b     c     d     e     f     g     h    
  +-----+-----+-----+-----+-----+-----+-----+-----+
8 |  ♖  |  ♘  |  ♗  |  ♕  |  ♔  |  ♗  |  ♘  |  ♖  |
  +-----+-----+-----+-----+-----+-----+-----+-----+
7 |  ♙  |  ♙  |  ♙  |  ♙  |  ♙  |  ♙  |  ♙  |  ♙  |
  +-----+-----+-----+-----+-----+-----+-----+-----+
6 |     |     |     |     |     |     |     |     |
  +-----+-----+-----+-----+-----+-----+-----+-----+
5 |     |     |     |     |     |     |     |     |
  +-----+-----+-----+-----+-----+-----+-----+-----+
4 |     |     |     |     |  ♟  |     |     |     |
  +-----+-----+-----+-----+-----+-----+-----+-----+
3 |     |     |     |     |     |     |     |     |
  +-----+-----+-----+-----+-----+-----+-----+-----+
2 |  ♟  |  ♟  |  ♟  |  ♟  |     |  ♟  |  ♟  |  ♟  |
  +-----+-----+-----+-----+-----+-----+-----+-----+
1 |  ♜  |  ♞  |  ♝  |  ♛  |  ♚  |  ♝  |  ♞  |  ♜  |
  +-----+-----+-----+-----+-----+-----+-----+-----+
White eaten pieces: 0
Black eaten pieces: 0
Turn: BLACK
Enter your move: No piece eaten

     a     b     c     d     e     f     g     h    
  +-----+-----+-----+-----+-----+-----+-----+-----+
8 |  ♖  |  ♘  |  ♗  |  ♕  |  ♔  |  ♗  |  ♘  |  ♖  |
  +-----+-----+-----+-----+-----+-----+-----+-----+
7 |  ♙  |  ♙  |  ♙  |  ♙  |     |  ♙  |  ♙  |  ♙  |
  +-----+-----+-----+-----+-----+-----+-----+-----+
6 |     |     |     |     |     |     |     |     |
  +-----+-----+-----+-----+-----+-----+-----+-----+
5 |     |     |     |     |  ♙  |     |     |     |
  +-----+-----+-----+-----+-----+-----+-----+-----+
4 |     |     |     |     |  ♟  |     |     |     |
  +-----+-----+-----+-----+-----+-----+-----+-----+
3 |     |     |     |     |     |     |     |     |
  +-----+-----+-----+-----+-----+-----+-----+-----+
2 |  ♟  |  ♟  |  ♟  |  ♟  |     |  ♟  |  ♟  |  ♟  |
  +-----+-----+-----+-----+-----+-----+-----+-----+
1 |  ♜  |  ♞  |  ♝  |  ♛  |  ♚  |  ♝  |  ♞  |  ♜  |
  +-----+-----+-----+-----+-----+-----+-----+-----+
White eaten pieces: 0
Black eaten pieces: 0
Turn: WHITE
Enter your move: No piece eaten

     a     b     c     d     e     f     g     h    
  +-----+-----+-----+-----+-----+-----+-----+-----+
8 |  ♖  |  ♘  |  ♗  |  ♕  |  ♔  |  ♗  |  ♘  |  ♖  |
  +-----+-----+-----+-----+-----+-----+-----+-----+
7 |  ♙  |  ♙  |  ♙  |  ♙  |     |  ♙  |  ♙  |  ♙  |
  +-----+-----+-----+-----+-----+-----+-----+-----+
6 |     |     |     |     |     |     |     |     |
  +-----+-----+-----+-----+-----+-----+-----+-----+
5 |     |     |     |     |  ♙  |     |     |     |
  +-----+-----+-----+-----+-----+-----+-----+-----+
4 |     |     |  ♝  |     |  ♟  |     |     |     |
  +-----+-----+-----+-----+-----+-----+-----+-----+
3 |     |     |     |     |     |     |     |     |
  +-----+-----+-----+-----+-----+-----+-----+-----+
2 |  ♟  |  ♟  |  ♟  |  ♟  |     |  ♟  |  ♟  |  ♟  |
  +-----+-----+-----+-----+-----+-----+-----+-----+
1 |  ♜  |  ♞  |  ♝  |  ♛  |  ♚  |     |  ♞  |  ♜  |
  +-----+-----+-----+-----+-----+-----+-----+-----+
White eaten pieces: 0
Black eaten pieces: 0
Turn: BLACK
Enter your move: ERROR: can't move king
Enter your move: No piece eaten

     a     b     c     d     e     f     g     h    
  +-----+-----+-----+-----+-----+-----+-----+-----+
8 |  ♖  |  ♘  |  ♗  |  ♕  |  ♔  |  ♗  |     |  ♖  |
  +-----+-----+-----+-----+-----+-----+-----+-----+
7 |  ♙  |  ♙  |  ♙  |  ♙  |     |  ♙  |  ♙  |  ♙  |
  +-----+-----+-----+-----+-----+-----+-----+-----+
6 |     |     |     |     |     |  ♘  |     |     |
  +-----+-----+-----+-----+-----+-----+-----+-----+
5 |     |     |     |     |  ♙  |     |     |     |
  +-----+-----+-----+-----+-----+-----+-----+-----+
4 |     |     |  ♝  |     |  ♟  |     |     |     |
  +-----+-----+-----+-----+-----+-----+-----+-----+
3 |     |     |     |     |     |     |     |     |
  +-----+-----+-----+-----+-----+-----+-----+-----+
2 |  ♟  |  ♟  |  ♟  |  ♟  |     |  ♟  |  ♟  |  ♟  |
  +-----+-----+-----+-----+-----+-----+-----+-----+
1 |  ♜  |  ♞  |  ♝  |  ♛  |  ♚  |     |  ♞  |  ♜  |
  +-----+-----+-----+-----+-----+-----+-----+-----+
White eaten pieces: 0
Black eaten pieces: 0
Turn: WHITE
Enter your move: ERROR: can't move king
Enter your move: No piece eaten

     a     b     c     d     e     f     g     h    
  +-----+-----+-----+-----+-----+-----+-----+-----+
8 |  ♖  |  ♘  |  ♗  |  ♕  |  ♔  |  ♗  |     |  ♖  |
  +-----+-----+-----+-----+-----+-----+-----+-----+
7 |  ♙  |  ♙  |  ♙  |  ♙  |     |  ♙  |  ♙  |  ♙  |
  +-----+-----+-----+-----+-----+-----+-----+-----+
6 |     |     |     |     |     |  ♘  |     |     |
  +-----+-----+-----+-----+-----+-----+-----+-----+
5 |     |     |     |     |  ♙  |     |     |     |
  +-----+-----+-----+-----+-----+-----+-----+-----+
4 |     |     |  ♝  |     |  ♟  |     |     |     |
  +-----+-----+-----+-----+-----+-----+-----+-----+
3 |     |     |     |     |     |  ♞  |     |     |
  +-----+-----+-----+-----+-----+-----+-----+-----+
2 |  ♟  |  ♟  |  ♟  |  ♟  |     |  ♟  |  ♟  |  ♟  |
  +-----+-----+-----+-----+-----+-----+-----+-----+
1 |  ♜  |  ♞  |  ♝  |  ♛  |  ♚  |     |     |  ♜  |
  +-----+-----+-----+-----+-----+-----+-----+-----+
White eaten pieces: 0
Black eaten pieces: 0
Turn: BLACK
Enter your move: No piece eaten

     a     b     c     d     e     f     g     h    
  +-----+-----+-----+-----+-----+-----+-----+-----+
8 |  ♖  |  ♘  |  ♗  |  ♕  |  ♔  |     |     |  ♖  |
  +-----+-----+-----+-----+-----+-----+-----+-----+
7 |  ♙  |  ♙  |  ♙  |  ♙  |     |  ♙  |  ♙  |  ♙  |
  +-----+-----+-----+-----+-----+-----+-----+-----+
6 |     |     |     |     |     |  ♘  |     |     |
  +-----+-----+-----+-----+-----+-----+-----+-----+
5 |     |     |     |     |  ♙  |     |     |     |
  +-----+-----+-----+-----+-----+-----+-----+-----+
4 |     |  ♗  |  ♝  |     |  ♟  |     |     |     |
  +-----+-----+-----+-----+-----+-----+-----+-----+
3 |     |     |     |     |     |  ♞  |     |     |
  +-----+-----+-----+-----+-----+-----+-----+-----+
2 |  ♟  |  ♟  |  ♟  |  ♟  |     |  ♟  |  ♟  |  ♟  |
  +-----+-----+-----+-----+-----+-----+-----+-----+
1 |  ♜  |  ♞  |  ♝  |  ♛  |  ♚  |     |     |  ♜  |
  +-----+-----+-----+-----+-----+-----+-----+-----+
White eaten pieces: 0
Black eaten pieces: 0
Turn: WHITE
Enter your move: 
     a     b     c     d     e     f     g     h    
  +-----+-----+-----+-----+-----+-----+-----+-----+
8 |  ♖  |  ♘  |  ♗  |  ♕  |  ♔  |     |     |  ♖  |
  +-----+-----+-----+-----+-----+-----+-----+-----+
7 |  ♙  |  ♙  |  ♙  |  ♙  |     |  ♙  |  ♙  |  ♙  |
  +-----+-----+-----+-----+-----+-----+-----+-----+
6 |     |     |     |     |     |  ♘  |     |     |
  +-----+-----+-----+-----+-----+-----+-----+-----+
5 |     |     |     |     |  ♙  |     |     |     |
  +-----+-----+-----+-----+-----+-----+-----+-----+
4 |     |  ♗  |  ♝  |     |  ♟  |     |     |     |
  +-----+-----+-----+-----+-----+-----+-----+-----+
3 |     |     |     |     |     |  ♞  |     |     |
  +-----+-----+-----+-----+-----+-----+-----+-----+
2 |  ♟  |  ♟  |  ♟  |  ♟  |     |  ♟  |  ♟  |  ♟  |
  +-----+-----+-----+-----+-----+-----+-----+-----+
1 |  ♜  |  ♞  |  ♝  |  ♛  |     |  ♜  |  ♚  |     |
  +-----+-----+-----+-----+-----+-----+-----+-----+
White eaten pieces: 0
Black eaten pieces: 0
Turn: BLACK
Enter your move: No piece eaten

     a     b     c     d     e     f     g     h    
  +-----+-----+-----+-----+-----+-----+-----+-----+
8 |  ♖  |  ♘  |  ♗  |  ♕  |     |     |     |  ♖  |
  +-----+-----+-----+-----+-----+-----+-----+-----+
7 |  ♙  |  ♙  |  ♙  |  ♙  |  ♔  |  ♙  |  ♙  |  ♙  |
  +-----+-----+-----+-----+-----+-----+-----+-----+
6 |     |     |     |     |     |  ♘  |     |     |
  +-----+-----+-----+-----+-----+-----+-----+-----+
5 |     |     |     |     |  ♙  |     |     |     |
  +-----+-----+-----+-----+-----+-----+-----+-----+
4 |     |  ♗  |  ♝  |     |  ♟  |     |     |     |
  +-----+-----+-----+-----+-----+-----+-----+-----+
3 |     |     |     |     |     |  ♞  |     |     |
  +-----+-----+-----+-----+-----+-----+-----+-----+
2 |  ♟  |  ♟  |  ♟  |  ♟  |     |  ♟  |  ♟  |  ♟  |
  +-----+-----+-----+-----+-----+-----+-----+-----+
1 |  ♜  |  ♞  |  ♝  |  ♛  |     |  ♜  |  ♚  |     |
  +-----+-----+-----+-----+-----+-----+-----+-----+
White eaten pieces: 0
Black eaten pieces: 0
Turn: WHITE
Enter your move: No piece eaten

     a     b     c     d     e     f     g     h    
  +-----+-----+-----+-----+-----+-----+-----+-----+
8 |  ♖  |  ♘  |  ♗  |  ♕  |     |     |     |  ♖  |
  +-----+-----+-----+-----+-----+-----+-----+-----+
7 |  ♙  |  ♙  |  ♙  |  ♙  |  ♔  |  ♙  |  ♙  |  ♙  |
  +-----+-----+-----+-----+-----+-----+-----+-----+
6 |     |     |     |     |     |  ♘  |     |     |
  +-----+-----+-----+-----+-----+-----+-----+-----+
5 |     |     |     |     |  ♙  |     |     |     |
  +-----+-----+-----+-----+-----+-----+-----+-----+
4 |     |  ♗  |  ♝  |     |  ♟  |     |     |     |
  +-----+-----+-----+-----+-----+-----+-----+-----+
3 |  ♟  |     |     |     |     |  ♞  |     |     |
  +-----+-----+-----+-----+-----+-----+-----+-----+
2 |     |  ♟  |  ♟  |  ♟  |     |  ♟  |  ♟  |  ♟  |
  +-----+-----+-----+-----+-----+-----+-----+-----+
1 |  ♜  |  ♞  |  ♝  |  ♛  |     |  ♜  |  ♚  |     |
  +-----+-----+-----+-----+-----+-----+-----+-----+
White eaten pieces: 0
Black eaten pieces: 0
Turn: BLACK
Enter your move: No piece at this position
Enter your move: No piece eaten

     a     b     c     d     e     f     g     h    
  +-----+-----+-----+-----+-----+-----+-----+-----+
8 |  ♖  |  ♘  |  ♗  |  ♕  |  ♔  |     |     |  ♖  |
  +-----+-----+-----+-----+-----+-----+-----+-----+
7 |  ♙  |  ♙  |  ♙  |  ♙  |     |  ♙  |  ♙  |  ♙  |
  +-----+-----+-----+-----+-----+-----+-----+-----+
6 |     |     |     |     |     |  ♘  |     |     |
  +-----+-----+-----+-----+-----+-----+-----+-----+
5 |     |     |     |     |  ♙  |     |     |     |
  +-----+-----+-----+-----+-----+-----+-----+-----+
4 |     |  ♗  |  ♝  |     |  ♟  |     |     |     |
  +-----+-----+-----+-----+-----+-----+-----+-----+
3 |  ♟  |     |     |     |     |  ♞  |     |     |
  +-----+-----+-----+-----+-----+-----+-----+-----+
2 |     |  ♟  |  ♟  |  ♟  |     |  ♟  |  ♟  |  ♟  |
  +-----+-----+-----+-----+-----+-----+-----+-----+
1 |  ♜  |  ♞  |  ♝  |  ♛  |     |  ♜  |  ♚  |     |
  +-----+-----+-----+-----+-----+-----+-----+-----+
White eaten pieces: 0
Black eaten pieces: 0
Turn: WHITE
Enter your move: Eaten piece: B

     a     b     c     d     e     f     g     h    
  +-----+-----+-----+-----+-----+-----+-----+-----+
8 |  ♖  |  ♘  |  ♗  |  ♕  |  ♔  |     |     |  ♖  |
  +-----+-----+-----+-----+-----+-----+-----+-----+
7 |  ♙  |  ♙  |  ♙  |  ♙  |     |  ♙  |  ♙  |  ♙  |
  +-----+-----+-----+-----+-----+-----+-----+-----+
6 |     |     |     |     |     |  ♘  |     |     |
  +-----+-----+-----+-----+-----+-----+-----+-----+
5 |     |     |     |     |  ♙  |     |     |     |
  +-----+-----+-----+-----+-----+-----+-----+-----+
4 |     |  ♟  |  ♝  |     |  ♟  |     |     |     |
  +-----+-----+-----+-----+-----+-----+-----+-----+
3 |     |     |     |     |     |  ♞  |     |     |
  +-----+-----+-----+-----+-----+-----+-----+-----+
2 |     |  ♟  |  ♟  |  ♟  |     |  ♟  |  ♟  |  ♟  |
  +-----+-----+-----+-----+-----+-----+-----+-----+
1 |  ♜  |  ♞  |  ♝  |  ♛  |     |  ♜  |  ♚  |     |
  +-----+-----+-----+-----+-----+-----+-----+-----+
White eaten pieces: 1
Black eaten pieces: 0
Turn: BLACK
Enter your move: ERROR: Invalid move
Enter your move: No piece eaten

     a     b     c     d     e     f     g     h    
  +-----+-----+-----+-----+-----+-----+-----+-----+
8 |  ♖  |  ♘  |  ♗  |  ♕  |  ♔  |     |     |  ♖  |
  +-----+-----+-----+-----+-----+-----+-----+-----+
7 |  ♙  |  ♙  |  ♙  |  ♙  |     |  ♙  |  ♙  |     |
  +-----+-----+-----+-----+-----+-----+-----+-----+
6 |     |     |     |     |     |  ♘  |     |  ♙  |
  +-----+-----+-----+-----+-----+-----+-----+-----+
5 |     |     |     |     |  ♙  |     |     |     |
  +-----+-----+-----+-----+-----+-----+-----+-----+
4 |     |  ♟  |  ♝  |     |  ♟  |     |     |     |
  +-----+-----+-----+-----+-----+-----+-----+-----+
3 |     |     |     |     |     |  ♞  |     |     |
  +-----+-----+-----+-----+-----+-----+-----+-----+
2 |     |  ♟  |  ♟  |  ♟  |     |  ♟  |  ♟  |  ♟  |
  +-----+-----+-----+-----+-----+-----+-----+-----+
1 |  ♜  |  ♞  |  ♝  |  ♛  |     |  ♜  |  ♚  |     |
  +-----+-----+-----+-----+-----+-----+-----+-----+
White eaten pieces: 1
Black eaten pieces: 0
Turn: WHITE
Enter your move: 
wR,wN,wB,wQ,,wR,wK,,,wP,wP,wP,,wP,wP,wP,,,,,,wN,,,,wP,wB,,wP,,,,,,,,bP,,,,,,,,,bN,,bP,bP,bP,bP,bP,,bP,bP,,bR,bN,bB,bQ,bK,,,bR, ?-?
  -> [0;32mreference position: OK[0m
  -> [0;32mreference result: OK[0m
  -> [0m(exit code=0)
data/3-ill-pawn-passing-1.txt
Game init
Game running

     a     b     c     d     e     f     g     h    
  +-----+-----+-----+-----+-----+-----+-----+-----+
8 |  ♖  |  ♘  |  ♗  |  ♕  |  ♔  |  ♗  |  ♘  |  ♖  |
  +-----+-----+-----+-----+-----+-----+-----+-----+
7 |  ♙  |  ♙  |  ♙  |  ♙  |  ♙  |  ♙  |  ♙  |  ♙  |
  +-----+-----+-----+-----+-----+-----+-----+-----+
6 |     |     |     |     |     |     |     |     |
  +-----+-----+-----+-----+-----+-----+-----+-----+
5 |     |     |     |     |     |     |     |     |
  +-----+-----+-----+-----+-----+-----+-----+-----+
4 |     |     |     |     |     |     |     |     |
  +-----+-----+-----+-----+-----+-----+-----+-----+
3 |     |     |     |     |     |     |     |     |
  +-----+-----+-----+-----+-----+-----+-----+-----+
2 |  ♟  |  ♟  |  ♟  |  ♟  |  ♟  |  ♟  |  ♟  |  ♟  |
  +-----+-----+-----+-----+-----+-----+-----+-----+
1 |  ♜  |  ♞  |  ♝  |  ♛  |  ♚  |  ♝  |  ♞  |  ♜  |
  +-----+-----+-----+-----+-----+-----+-----+-----+
White eaten pieces: 0
Black eaten pieces: 0
Turn: WHITE

Enter your move: No piece eaten

     a     b     c     d     e     f     g     h    
  +-----+-----+-----+-----+-----+-----+-----+-----+
8 |  ♖  |  ♘  |  ♗  |  ♕  |  ♔  |  ♗  |  ♘  |  ♖  |
  +-----+-----+-----+-----+-----+-----+-----+-----+
7 |  ♙  |  ♙  |  ♙  |  ♙  |  ♙  |  ♙  |  ♙  |  ♙  |
  +-----+-----+-----+-----+-----+-----+-----+-----+
6 |     |     |     |     |     |     |     |     |
  +-----+-----+-----+-----+-----+-----+-----+-----+
5 |     |     |     |     |     |     |     |     |
  +-----+-----+-----+-----+-----+-----+-----+-----+
4 |     |     |     |     |  ♟  |     |     |     |
  +-----+-----+-----+-----+-----+-----+-----+-----+
3 |     |     |     |     |     |     |     |     |
  +-----+-----+-----+-----+-----+-----+-----+-----+
2 |  ♟  |  ♟  |  ♟  |  ♟  |     |  ♟  |  ♟  |  ♟  |
  +-----+-----+-----+-----+-----+-----+-----+-----+
1 |  ♜  |  ♞  |  ♝  |  ♛  |  ♚  |  ♝  |  ♞  |  ♜  |
  +-----+-----+-----+-----+-----+-----+-----+-----+
White eaten pieces: 0
Black eaten pieces: 0
Turn: BLACK
Enter your move: No piece eaten

     a     b     c     d     e     f     g     h    
  +-----+-----+-----+-----+-----+-----+-----+-----+
8 |  ♖  |  ♘  |  ♗  |  ♕  |  ♔  |  ♗  |  ♘  |  ♖  |
  +-----+-----+-----+-----+-----+-----+-----+-----+
7 |  ♙  |  ♙  |     |  ♙  |  ♙  |  ♙  |  ♙  |  ♙  |
  +-----+-----+-----+-----+-----+-----+-----+-----+
6 |     |     |     |     |     |     |     |     |
  +-----+-----+-----+-----+-----+-----+-----+-----+
5 |     |     |  ♙  |     |     |     |     |     |
  +-----+-----+-----+-----+-----+-----+-----+-----+
4 |     |     |     |     |  ♟  |     |     |     |
  +-----+-----+-----+-----+-----+-----+-----+-----+
3 |     |     |     |     |     |     |     |     |
  +-----+-----+-----+-----+-----+-----+-----+-----+
2 |  ♟  |  ♟  |  ♟  |  ♟  |     |  ♟  |  ♟  |  ♟  |
  +-----+-----+-----+-----+-----+-----+-----+-----+
1 |  ♜  |  ♞  |  ♝  |  ♛  |  ♚  |  ♝  |  ♞  |  ♜  |
  +-----+-----+-----+-----+-----+-----+-----+-----+
White eaten pieces: 0
Black eaten pieces: 0
Turn: WHITE
Enter your move: No piece eaten

     a     b     c     d     e     f     g     h    
  +-----+-----+-----+-----+-----+-----+-----+-----+
8 |  ♖  |  ♘  |  ♗  |  ♕  |  ♔  |  ♗  |  ♘  |  ♖  |
  +-----+-----+-----+-----+-----+-----+-----+-----+
7 |  ♙  |  ♙  |     |  ♙  |  ♙  |  ♙  |  ♙  |  ♙  |
  +-----+-----+-----+-----+-----+-----+-----+-----+
6 |     |     |     |     |     |     |     |     |
  +-----+-----+-----+-----+-----+-----+-----+-----+
5 |     |     |  ♙  |     |  ♟  |     |     |     |
  +-----+-----+-----+-----+-----+-----+-----+-----+
4 |     |     |     |     |     |     |     |     |
  +-----+-----+-----+-----+-----+-----+-----+-----+
3 |     |     |     |     |     |     |     |     |
  +-----+-----+-----+-----+-----+-----+-----+-----+
2 |  ♟  |  ♟  |  ♟  |  ♟  |     |  ♟  |  ♟  |  ♟  |
  +-----+-----+-----+-----+-----+-----+-----+-----+
1 |  ♜  |  ♞  |  ♝  |  ♛  |  ♚  |  ♝  |  ♞  |  ♜  |
  +-----+-----+-----+-----+-----+-----+-----+-----+
White eaten pieces: 0
Black eaten pieces: 0
Turn: BLACK
Enter your move: No piece eaten

     a     b     c     d     e     f     g     h    
  +-----+-----+-----+-----+-----+-----+-----+-----+
8 |  ♖  |  ♘  |  ♗  |  ♕  |  ♔  |  ♗  |  ♘  |  ♖  |
  +-----+-----+-----+-----+-----+-----+-----+-----+
7 |  ♙  |  ♙  |     |  ♙  |     |  ♙  |  ♙  |  ♙  |
  +-----+-----+-----+-----+-----+-----+-----+-----+
6 |     |     |     |     |  ♙  |     |     |     |
  +-----+-----+-----+-----+-----+-----+-----+-----+
5 |     |     |  ♙  |     |  ♟  |     |     |     |
  +-----+-----+-----+-----+-----+-----+-----+-----+
4 |     |     |     |     |     |     |     |     |
  +-----+-----+-----+-----+-----+-----+-----+-----+
3 |     |     |     |     |     |     |     |     |
  +-----+-----+-----+-----+-----+-----+-----+-----+
2 |  ♟  |  ♟  |  ♟  |  ♟  |     |  ♟  |  ♟  |  ♟  |
  +-----+-----+-----+-----+-----+-----+-----+-----+
1 |  ♜  |  ♞  |  ♝  |  ♛  |  ♚  |  ♝  |  ♞  |  ♜  |
  +-----+-----+-----+-----+-----+-----+-----+-----+
White eaten pieces: 0
Black eaten pieces: 0
Turn: WHITE
Enter your move: No piece eaten

     a     b     c     d     e     f     g     h    
  +-----+-----+-----+-----+-----+-----+-----+-----+
8 |  ♖  |  ♘  |  ♗  |  ♕  |  ♔  |  ♗  |  ♘  |  ♖  |
  +-----+-----+-----+-----+-----+-----+-----+-----+
7 |  ♙  |  ♙  |     |  ♙  |     |  ♙  |  ♙  |  ♙  |
  +-----+-----+-----+-----+-----+-----+-----+-----+
6 |     |     |     |     |  ♙  |     |     |     |
  +-----+-----+-----+-----+-----+-----+-----+-----+
5 |     |     |  ♙  |     |  ♟  |     |     |     |
  +-----+-----+-----+-----+-----+-----+-----+-----+
4 |  ♟  |     |     |     |     |     |     |     |
  +-----+-----+-----+-----+-----+-----+-----+-----+
3 |     |     |     |     |     |     |     |     |
  +-----+-----+-----+-----+-----+-----+-----+-----+
2 |     |  ♟  |  ♟  |  ♟  |     |  ♟  |  ♟  |  ♟  |
  +-----+-----+-----+-----+-----+-----+-----+-----+
1 |  ♜  |  ♞  |  ♝  |  ♛  |  ♚  |  ♝  |  ♞  |  ♜  |
  +-----+-----+-----+-----+-----+-----+-----+-----+
White eaten pieces: 0
Black eaten pieces: 0
Turn: BLACK
Enter your move: No piece eaten

     a     b     c     d     e     f     g     h    
  +-----+-----+-----+-----+-----+-----+-----+-----+
8 |  ♖  |  ♘  |  ♗  |  ♕  |  ♔  |  ♗  |     |  ♖  |
  +-----+-----+-----+-----+-----+-----+-----+-----+
7 |  ♙  |  ♙  |     |  ♙  |  ♘  |  ♙  |  ♙  |  ♙  |
  +-----+-----+-----+-----+-----+-----+-----+-----+
6 |     |     |     |     |  ♙  |     |     |     |
  +-----+-----+-----+-----+-----+-----+-----+-----+
5 |     |     |  ♙  |     |  ♟  |     |     |     |
  +-----+-----+-----+-----+-----+-----+-----+-----+
4 |  ♟  |     |     |     |     |     |     |     |
  +-----+-----+-----+-----+-----+-----+-----+-----+
3 |     |     |     |     |     |     |     |     |
  +-----+-----+-----+-----+-----+-----+-----+-----+
2 |     |  ♟  |  ♟  |  ♟  |     |  ♟  |  ♟  |  ♟  |
  +-----+-----+-----+-----+-----+-----+-----+-----+
1 |  ♜  |  ♞  |  ♝  |  ♛  |  ♚  |  ♝  |  ♞  |  ♜  |
  +-----+-----+-----+-----+-----+-----+-----+-----+
White eaten pieces: 0
Black eaten pieces: 0
Turn: WHITE
Enter your move: No piece eaten

     a     b     c     d     e     f     g     h    
  +-----+-----+-----+-----+-----+-----+-----+-----+
8 |  ♖  |  ♘  |  ♗  |  ♕  |  ♔  |  ♗  |     |  ♖  |
  +-----+-----+-----+-----+-----+-----+-----+-----+
7 |  ♙  |  ♙  |     |  ♙  |  ♘  |  ♙  |  ♙  |  ♙  |
  +-----+-----+-----+-----+-----+-----+-----+-----+
6 |     |     |     |     |  ♙  |     |     |     |
  +-----+-----+-----+-----+-----+-----+-----+-----+
5 |  ♟  |     |  ♙  |     |  ♟  |     |     |     |
  +-----+-----+-----+-----+-----+-----+-----+-----+
4 |     |     |     |     |     |     |     |     |
  +-----+-----+-----+-----+-----+-----+-----+-----+
3 |     |     |     |     |     |     |     |     |
  +-----+-----+-----+-----+-----+-----+-----+-----+
2 |     |  ♟  |  ♟  |  ♟  |     |  ♟  |  ♟  |  ♟  |
  +-----+-----+-----+-----+-----+-----+-----+-----+
1 |  ♜  |  ♞  |  ♝  |  ♛  |  ♚  |  ♝  |  ♞  |  ♜  |
  +-----+-----+-----+-----+-----+-----+-----+-----+
White eaten pieces: 0
Black eaten pieces: 0
Turn: BLACK
Enter your move: No piece eaten

     a     b     c     d     e     f     g     h    
  +-----+-----+-----+-----+-----+-----+-----+-----+
8 |  ♖  |  ♘  |  ♗  |  ♕  |  ♔  |  ♗  |     |  ♖  |
  +-----+-----+-----+-----+-----+-----+-----+-----+
7 |  ♙  |  ♙  |     |  ♙  |     |  ♙  |  ♙  |  ♙  |
  +-----+-----+-----+-----+-----+-----+-----+-----+
6 |     |     |     |     |  ♙  |     |     |     |
  +-----+-----+-----+-----+-----+-----+-----+-----+
5 |  ♟  |     |  ♙  |     |  ♟  |  ♘  |     |     |
  +-----+-----+-----+-----+-----+-----+-----+-----+
4 |     |     |     |     |     |     |     |     |
  +-----+-----+-----+-----+-----+-----+-----+-----+
3 |     |     |     |     |     |     |     |     |
  +-----+-----+-----+-----+-----+-----+-----+-----+
2 |     |  ♟  |  ♟  |  ♟  |     |  ♟  |  ♟  |  ♟  |
  +-----+-----+-----+-----+-----+-----+-----+-----+
1 |  ♜  |  ♞  |  ♝  |  ♛  |  ♚  |  ♝  |  ♞  |  ♜  |
  +-----+-----+-----+-----+-----+-----+-----+-----+
White eaten pieces: 0
Black eaten pieces: 0
Turn: WHITE
Enter your move: ERROR: Invalid move
Enter your move: 
wR,wN,wB,wQ,wK,wB,wN,wR,,wP,wP,wP,,wP,wP,wP,,,,,,,,,,,,,,,,,wP,,bP,,wP,bN,,,,,,,bP,,,,bP,bP,,bP,,bP,bP,bP,bR,bN,bB,bQ,bK,bB,,bR, ?-?
  -> [0;32mreference position: OK[0m
  -> [0;32mreference result: OK[0m
  -> [0m(exit code=0)
data/3-ill-pawn-passing-2.txt
Game init
Game running

     a     b     c     d     e     f     g     h    
  +-----+-----+-----+-----+-----+-----+-----+-----+
8 |  ♖  |  ♘  |  ♗  |  ♕  |  ♔  |  ♗  |  ♘  |  ♖  |
  +-----+-----+-----+-----+-----+-----+-----+-----+
7 |  ♙  |  ♙  |  ♙  |  ♙  |  ♙  |  ♙  |  ♙  |  ♙  |
  +-----+-----+-----+-----+-----+-----+-----+-----+
6 |     |     |     |     |     |     |     |     |
  +-----+-----+-----+-----+-----+-----+-----+-----+
5 |     |     |     |     |     |     |     |     |
  +-----+-----+-----+-----+-----+-----+-----+-----+
4 |     |     |     |     |     |     |     |     |
  +-----+-----+-----+-----+-----+-----+-----+-----+
3 |     |     |     |     |     |     |     |     |
  +-----+-----+-----+-----+-----+-----+-----+-----+
2 |  ♟  |  ♟  |  ♟  |  ♟  |  ♟  |  ♟  |  ♟  |  ♟  |
  +-----+-----+-----+-----+-----+-----+-----+-----+
1 |  ♜  |  ♞  |  ♝  |  ♛  |  ♚  |  ♝  |  ♞  |  ♜  |
  +-----+-----+-----+-----+-----+-----+-----+-----+
White eaten pieces: 0
Black eaten pieces: 0
Turn: WHITE

Enter your move: No piece eaten

     a     b     c     d     e     f     g     h    
  +-----+-----+-----+-----+-----+-----+-----+-----+
8 |  ♖  |  ♘  |  ♗  |  ♕  |  ♔  |  ♗  |  ♘  |  ♖  |
  +-----+-----+-----+-----+-----+-----+-----+-----+
7 |  ♙  |  ♙  |  ♙  |  ♙  |  ♙  |  ♙  |  ♙  |  ♙  |
  +-----+-----+-----+-----+-----+-----+-----+-----+
6 |     |     |     |     |     |     |     |     |
  +-----+-----+-----+-----+-----+-----+-----+-----+
5 |     |     |     |     |     |     |     |     |
  +-----+-----+-----+-----+-----+-----+-----+-----+
4 |     |     |     |     |  ♟  |     |     |     |
  +-----+-----+-----+-----+-----+-----+-----+-----+
3 |     |     |     |     |     |     |     |     |
  +-----+-----+-----+-----+-----+-----+-----+-----+
2 |  ♟  |  ♟  |  ♟  |  ♟  |     |  ♟  |  ♟  |  ♟  |
  +-----+-----+-----+-----+-----+-----+-----+-----+
1 |  ♜  |  ♞  |  ♝  |  ♛  |  ♚  |  ♝  |  ♞  |  ♜  |
  +-----+-----+-----+-----+-----+-----+-----+-----+
White eaten pieces: 0
Black eaten pieces: 0
Turn: BLACK
Enter your move: No piece eaten

     a     b     c     d     e     f     g     h    
  +-----+-----+-----+-----+-----+-----+-----+-----+
8 |  ♖  |  ♘  |  ♗  |  ♕  |  ♔  |  ♗  |  ♘  |  ♖  |
  +-----+-----+-----+-----+-----+-----+-----+-----+
7 |  ♙  |  ♙  |  ♙  |  ♙  |     |  ♙  |  ♙  |  ♙  |
  +-----+-----+-----+-----+-----+-----+-----+-----+
6 |     |     |     |     |     |     |     |     |
  +-----+-----+-----+-----+-----+-----+-----+-----+
5 |     |     |     |     |  ♙  |     |     |     |
  +-----+-----+-----+-----+-----+-----+-----+-----+
4 |     |     |     |     |  ♟  |     |     |     |
  +-----+-----+-----+-----+-----+-----+-----+-----+
3 |     |     |     |     |     |     |     |     |
  +-----+-----+-----+-----+-----+-----+-----+-----+
2 |  ♟  |  ♟  |  ♟  |  ♟  |     |  ♟  |  ♟  |  ♟  |
  +-----+-----+-----+-----+-----+-----+-----+-----+
1 |  ♜  |  ♞  |  ♝  |  ♛  |  ♚  |  ♝  |  ♞  |  ♜  |
  +-----+-----+-----+-----+-----+-----+-----+-----+
White eaten pieces: 0
Black eaten pieces: 0
Turn: WHITE
Enter your move: No piece eaten

     a     b     c     d     e     f     g     h    
  +-----+-----+-----+-----+-----+-----+-----+-----+
8 |  ♖  |  ♘  |  ♗  |  ♕  |  ♔  |  ♗  |  ♘  |  ♖  |
  +-----+-----+-----+-----+-----+-----+-----+-----+
7 |  ♙  |  ♙  |  ♙  |  ♙  |     |  ♙  |  ♙  |  ♙  |
  +-----+-----+-----+-----+-----+-----+-----+-----+
6 |     |     |     |     |     |     |     |     |
  +-----+-----+-----+-----+-----+-----+-----+-----+
5 |     |     |     |     |  ♙  |     |     |     |
  +-----+-----+-----+-----+-----+-----+-----+-----+
4 |     |     |     |  ♟  |  ♟  |     |     |     |
  +-----+-----+-----+-----+-----+-----+-----+-----+
3 |     |     |     |     |     |     |     |     |
  +-----+-----+-----+-----+-----+-----+-----+-----+
2 |  ♟  |  ♟  |  ♟  |     |     |  ♟  |  ♟  |  ♟  |
  +-----+-----+-----+-----+-----+-----+-----+-----+
1 |  ♜  |  ♞  |  ♝  |  ♛  |  ♚  |  ♝  |  ♞  |  ♜  |
  +-----+-----+-----+-----+-----+-----+-----+-----+
White eaten pieces: 0
Black eaten pieces: 0
Turn: BLACK
Enter your move: No piece eaten

     a     b     c     d     e     f     g     h    
  +-----+-----+-----+-----+-----+-----+-----+-----+
8 |  ♖  |  ♘  |  ♗  |  ♕  |  ♔  |  ♗  |     |  ♖  |
  +-----+-----+-----+-----+-----+-----+-----+-----+
7 |  ♙  |  ♙  |  ♙  |  ♙  |     |  ♙  |  ♙  |  ♙  |
  +-----+-----+-----+-----+-----+-----+-----+-----+
6 |     |     |     |     |     |  ♘  |     |     |
  +-----+-----+-----+-----+-----+-----+-----+-----+
5 |     |     |     |     |  ♙  |     |     |     |
  +-----+-----+-----+-----+-----+-----+-----+-----+
4 |     |     |     |  ♟  |  ♟  |     |     |     |
  +-----+-----+-----+-----+-----+-----+-----+-----+
3 |     |     |     |     |     |     |     |     |
  +-----+-----+-----+-----+-----+-----+-----+-----+
2 |  ♟  |  ♟  |  ♟  |     |     |  ♟  |  ♟  |  ♟  |
  +-----+-----+-----+-----+-----+-----+-----+-----+
1 |  ♜  |  ♞  |  ♝  |  ♛  |  ♚  |  ♝  |  ♞  |  ♜  |
  +-----+-----+-----+-----+-----+-----+-----+-----+
White eaten pieces: 0
Black eaten pieces: 0
Turn: WHITE
Enter your move: No piece eaten

     a     b     c     d     e     f     g     h    
  +-----+-----+-----+-----+-----+-----+-----+-----+
8 |  ♖  |  ♘  |  ♗  |  ♕  |  ♔  |  ♗  |     |  ♖  |
  +-----+-----+-----+-----+-----+-----+-----+-----+
7 |  ♙  |  ♙  |  ♙  |  ♙  |     |  ♙  |  ♙  |  ♙  |
  +-----+-----+-----+-----+-----+-----+-----+-----+
6 |     |     |     |     |     |  ♘  |     |     |
  +-----+-----+-----+-----+-----+-----+-----+-----+
5 |     |     |     |     |  ♙  |     |     |     |
  +-----+-----+-----+-----+-----+-----+-----+-----+
4 |     |     |     |  ♟  |  ♟  |     |     |     |
  +-----+-----+-----+-----+-----+-----+-----+-----+
3 |     |     |  ♞  |     |     |     |     |     |
  +-----+-----+-----+-----+-----+-----+-----+-----+
2 |  ♟  |  ♟  |  ♟  |     |     |  ♟  |  ♟  |  ♟  |
  +-----+-----+-----+-----+-----+-----+-----+-----+
1 |  ♜  |     |  ♝  |  ♛  |  ♚  |  ♝  |  ♞  |  ♜  |
  +-----+-----+-----+-----+-----+-----+-----+-----+
White eaten pieces: 0
Black eaten pieces: 0
Turn: BLACK
Enter your move: No piece eaten

     a     b     c     d     e     f     g     h    
  +-----+-----+-----+-----+-----+-----+-----+-----+
8 |  ♖  |  ♘  |  ♗  |  ♕  |  ♔  |     |     |  ♖  |
  +-----+-----+-----+-----+-----+-----+-----+-----+
7 |  ♙  |  ♙  |  ♙  |  ♙  |     |  ♙  |  ♙  |  ♙  |
  +-----+-----+-----+-----+-----+-----+-----+-----+
6 |     |     |     |     |     |  ♘  |     |     |
  +-----+-----+-----+-----+-----+-----+-----+-----+
5 |     |     |     |     |  ♙  |     |     |     |
  +-----+-----+-----+-----+-----+-----+-----+-----+
4 |     |  ♗  |     |  ♟  |  ♟  |     |     |     |
  +-----+-----+-----+-----+-----+-----+-----+-----+
3 |     |     |  ♞  |     |     |     |     |     |
  +-----+-----+-----+-----+-----+-----+-----+-----+
2 |  ♟  |  ♟  |  ♟  |     |     |  ♟  |  ♟  |  ♟  |
  +-----+-----+-----+-----+-----+-----+-----+-----+
1 |  ♜  |     |  ♝  |  ♛  |  ♚  |  ♝  |  ♞  |  ♜  |
  +-----+-----+-----+-----+-----+-----+-----+-----+
White eaten pieces: 0
Black eaten pieces: 0
Turn: WHITE
Enter your move: No piece eaten

     a     b     c     d     e     f     g     h    
  +-----+-----+-----+-----+-----+-----+-----+-----+
8 |  ♖  |  ♘  |  ♗  |  ♕  |  ♔  |     |     |  ♖  |
  +-----+-----+-----+-----+-----+-----+-----+-----+
7 |  ♙  |  ♙  |  ♙  |  ♙  |     |  ♙  |  ♙  |  ♙  |
  +-----+-----+-----+-----+-----+-----+-----+-----+
6 |     |     |     |     |     |  ♘  |     |     |
  +-----+-----+-----+-----+-----+-----+-----+-----+
5 |     |     |     |  ♟  |  ♙  |     |     |     |
  +-----+-----+-----+-----+-----+-----+-----+-----+
4 |     |  ♗  |     |     |  ♟  |     |     |     |
  +-----+-----+-----+-----+-----+-----+-----+-----+
3 |     |     |  ♞  |     |     |     |     |     |
  +-----+-----+-----+-----+-----+-----+-----+-----+
2 |  ♟  |  ♟  |  ♟  |     |     |  ♟  |  ♟  |  ♟  |
  +-----+-----+-----+-----+-----+-----+-----+-----+
1 |  ♜  |     |  ♝  |  ♛  |  ♚  |  ♝  |  ♞  |  ♜  |
  +-----+-----+-----+-----+-----+-----+-----+-----+
White eaten pieces: 0
Black eaten pieces: 0
Turn: BLACK
Enter your move: No piece eaten

     a     b     c     d     e     f     g     h    
  +-----+-----+-----+-----+-----+-----+-----+-----+
8 |  ♖  |  ♘  |  ♗  |  ♕  |  ♔  |     |     |  ♖  |
  +-----+-----+-----+-----+-----+-----+-----+-----+
7 |  ♙  |  ♙  |     |  ♙  |     |  ♙  |  ♙  |  ♙  |
  +-----+-----+-----+-----+-----+-----+-----+-----+
6 |     |     |     |     |     |  ♘  |     |     |
  +-----+-----+-----+-----+-----+-----+-----+-----+
5 |     |     |  ♙  |  ♟  |  ♙  |     |     |     |
  +-----+-----+-----+-----+-----+-----+-----+-----+
4 |     |  ♗  |     |     |  ♟  |     |     |     |
  +-----+-----+-----+-----+-----+-----+-----+-----+
3 |     |     |  ♞  |     |     |     |     |     |
  +-----+-----+-----+-----+-----+-----+-----+-----+
2 |  ♟  |  ♟  |  ♟  |     |     |  ♟  |  ♟  |  ♟  |
  +-----+-----+-----+-----+-----+-----+-----+-----+
1 |  ♜  |     |  ♝  |  ♛  |  ♚  |  ♝  |  ♞  |  ♜  |
  +-----+-----+-----+-----+-----+-----+-----+-----+
White eaten pieces: 0
Black eaten pieces: 0
Turn: WHITE
Enter your move: No piece eaten

     a     b     c     d     e     f     g     h    
  +-----+-----+-----+-----+-----+-----+-----+-----+
8 |  ♖  |  ♘  |  ♗  |  ♕  |  ♔  |     |     |  ♖  |
  +-----+-----+-----+-----+-----+-----+-----+-----+
7 |  ♙  |  ♙  |     |  ♙  |     |  ♙  |  ♙  |  ♙  |
  +-----+-----+-----+-----+-----+-----+-----+-----+
6 |     |     |     |     |     |  ♘  |     |     |
  +-----+-----+-----+-----+-----+-----+-----+-----+
5 |     |     |  ♙  |  ♟  |  ♙  |     |     |     |
  +-----+-----+-----+-----+-----+-----+-----+-----+
4 |     |  ♗  |     |     |  ♟  |     |     |     |
  +-----+-----+-----+-----+-----+-----+-----+-----+
3 |     |     |  ♞  |     |     |  ♞  |     |     |
  +-----+-----+-----+-----+-----+-----+-----+-----+
2 |  ♟  |  ♟  |  ♟  |     |     |  ♟  |  ♟  |  ♟  |
  +-----+-----+-----+-----+-----+-----+-----+-----+
1 |  ♜  |     |  ♝  |  ♛  |  ♚  |  ♝  |     |  ♜  |
  +-----+-----+-----+-----+-----+-----+-----+-----+
White eaten pieces: 0
Black eaten pieces: 0
Turn: BLACK
Enter your move: No piece eaten

     a     b     c     d     e     f     g     h    
  +-----+-----+-----+-----+-----+-----+-----+-----+
8 |  ♖  |  ♘  |  ♗  |     |  ♔  |     |     |  ♖  |
  +-----+-----+-----+-----+-----+-----+-----+-----+
7 |  ♙  |  ♙  |     |  ♙  |     |  ♙  |  ♙  |  ♙  |
  +-----+-----+-----+-----+-----+-----+-----+-----+
6 |     |  ♕  |     |     |     |  ♘  |     |     |
  +-----+-----+-----+-----+-----+-----+-----+-----+
5 |     |     |  ♙  |  ♟  |  ♙  |     |     |     |
  +-----+-----+-----+-----+-----+-----+-----+-----+
4 |     |  ♗  |     |     |  ♟  |     |     |     |
  +-----+-----+-----+-----+-----+-----+-----+-----+
3 |     |     |  ♞  |     |     |  ♞  |     |     |
  +-----+-----+-----+-----+-----+-----+-----+-----+
2 |  ♟  |  ♟  |  ♟  |     |     |  ♟  |  ♟  |  ♟  |
  +-----+-----+-----+-----+-----+-----+-----+-----+
1 |  ♜  |     |  ♝  |  ♛  |  ♚  |  ♝  |     |  ♜  |
  +-----+-----+-----+-----+-----+-----+-----+-----+
White eaten pieces: 0
Black eaten pieces: 0
Turn: WHITE
Enter your move: Eaten piece: P

     a     b     c     d     e     f     g     h    
  +-----+-----+-----+-----+-----+-----+-----+-----+
8 |  ♖  |  ♘  |  ♗  |     |  ♔  |     |     |  ♖  |
  +-----+-----+-----+-----+-----+-----+-----+-----+
7 |  ♙  |  ♙  |     |  ♙  |     |  ♙  |  ♙  |  ♙  |
  +-----+-----+-----+-----+-----+-----+-----+-----+
6 |     |  ♕  |  ♟  |     |     |  ♘  |     |     |
  +-----+-----+-----+-----+-----+-----+-----+-----+
5 |     |     |     |     |  ♙  |     |     |     |
  +-----+-----+-----+-----+-----+-----+-----+-----+
4 |     |  ♗  |     |     |  ♟  |     |     |     |
  +-----+-----+-----+-----+-----+-----+-----+-----+
3 |     |     |  ♞  |     |     |  ♞  |     |     |
  +-----+-----+-----+-----+-----+-----+-----+-----+
2 |  ♟  |  ♟  |  ♟  |     |     |  ♟  |  ♟  |  ♟  |
  +-----+-----+-----+-----+-----+-----+-----+-----+
1 |  ♜  |     |  ♝  |  ♛  |  ♚  |  ♝  |     |  ♜  |
  +-----+-----+-----+-----+-----+-----+-----+-----+
White eaten pieces: 1
Black eaten pieces: 0
Turn: BLACK
Enter your move: 
wR,,wB,wQ,wK,wB,,wR,wP,wP,wP,,,wP,wP,wP,,,wN,,,wN,,,,bB,,,wP,,,,,,,,bP,,,,,bQ,wP,,,bN,,,bP,bP,,bP,,bP,bP,bP,bR,bN,bB,,bK,,,bR, ?-?
   ref:[[0;32mwR,,wB,wQ,wK,wB,,wR,wP,wP,wP,,,wP,wP,wP,,,wN,,,wN,,,,bB,,,wP,,,,,,bP,wP,bP,,,,,bQ,,,,bN,,,bP,bP,,bP,,bP,bP,bP,bR,bN,bB,,bK,,,bR,[0m]
   you:[[0;31mwR,,wB,wQ,wK,wB,,wR,wP,wP,wP,,,wP,wP,wP,,,wN,,,wN,,,,bB,,,wP,,,,,,,,bP,,,,,bQ,wP,,,bN,,,bP,bP,,bP,,bP,bP,bP,bR,bN,bB,,bK,,,bR,[0m]
  -> [0;32mreference result: OK[0m
  -> [0m(exit code=0)
data/3-ill-pawn-passing-3.txt
Game init
Game running

     a     b     c     d     e     f     g     h    
  +-----+-----+-----+-----+-----+-----+-----+-----+
8 |  ♖  |  ♘  |  ♗  |  ♕  |  ♔  |  ♗  |  ♘  |  ♖  |
  +-----+-----+-----+-----+-----+-----+-----+-----+
7 |  ♙  |  ♙  |  ♙  |  ♙  |  ♙  |  ♙  |  ♙  |  ♙  |
  +-----+-----+-----+-----+-----+-----+-----+-----+
6 |     |     |     |     |     |     |     |     |
  +-----+-----+-----+-----+-----+-----+-----+-----+
5 |     |     |     |     |     |     |     |     |
  +-----+-----+-----+-----+-----+-----+-----+-----+
4 |     |     |     |     |     |     |     |     |
  +-----+-----+-----+-----+-----+-----+-----+-----+
3 |     |     |     |     |     |     |     |     |
  +-----+-----+-----+-----+-----+-----+-----+-----+
2 |  ♟  |  ♟  |  ♟  |  ♟  |  ♟  |  ♟  |  ♟  |  ♟  |
  +-----+-----+-----+-----+-----+-----+-----+-----+
1 |  ♜  |  ♞  |  ♝  |  ♛  |  ♚  |  ♝  |  ♞  |  ♜  |
  +-----+-----+-----+-----+-----+-----+-----+-----+
White eaten pieces: 0
Black eaten pieces: 0
Turn: WHITE

Enter your move: No piece eaten

     a     b     c     d     e     f     g     h    
  +-----+-----+-----+-----+-----+-----+-----+-----+
8 |  ♖  |  ♘  |  ♗  |  ♕  |  ♔  |  ♗  |  ♘  |  ♖  |
  +-----+-----+-----+-----+-----+-----+-----+-----+
7 |  ♙  |  ♙  |  ♙  |  ♙  |  ♙  |  ♙  |  ♙  |  ♙  |
  +-----+-----+-----+-----+-----+-----+-----+-----+
6 |     |     |     |     |     |     |     |     |
  +-----+-----+-----+-----+-----+-----+-----+-----+
5 |     |     |     |     |     |     |     |     |
  +-----+-----+-----+-----+-----+-----+-----+-----+
4 |     |     |     |     |  ♟  |     |     |     |
  +-----+-----+-----+-----+-----+-----+-----+-----+
3 |     |     |     |     |     |     |     |     |
  +-----+-----+-----+-----+-----+-----+-----+-----+
2 |  ♟  |  ♟  |  ♟  |  ♟  |     |  ♟  |  ♟  |  ♟  |
  +-----+-----+-----+-----+-----+-----+-----+-----+
1 |  ♜  |  ♞  |  ♝  |  ♛  |  ♚  |  ♝  |  ♞  |  ♜  |
  +-----+-----+-----+-----+-----+-----+-----+-----+
White eaten pieces: 0
Black eaten pieces: 0
Turn: BLACK
Enter your move: No piece eaten

     a     b     c     d     e     f     g     h    
  +-----+-----+-----+-----+-----+-----+-----+-----+
8 |  ♖  |     |  ♗  |  ♕  |  ♔  |  ♗  |  ♘  |  ♖  |
  +-----+-----+-----+-----+-----+-----+-----+-----+
7 |  ♙  |  ♙  |  ♙  |  ♙  |  ♙  |  ♙  |  ♙  |  ♙  |
  +-----+-----+-----+-----+-----+-----+-----+-----+
6 |     |     |  ♘  |     |     |     |     |     |
  +-----+-----+-----+-----+-----+-----+-----+-----+
5 |     |     |     |     |     |     |     |     |
  +-----+-----+-----+-----+-----+-----+-----+-----+
4 |     |     |     |     |  ♟  |     |     |     |
  +-----+-----+-----+-----+-----+-----+-----+-----+
3 |     |     |     |     |     |     |     |     |
  +-----+-----+-----+-----+-----+-----+-----+-----+
2 |  ♟  |  ♟  |  ♟  |  ♟  |     |  ♟  |  ♟  |  ♟  |
  +-----+-----+-----+-----+-----+-----+-----+-----+
1 |  ♜  |  ♞  |  ♝  |  ♛  |  ♚  |  ♝  |  ♞  |  ♜  |
  +-----+-----+-----+-----+-----+-----+-----+-----+
White eaten pieces: 0
Black eaten pieces: 0
Turn: WHITE
Enter your move: No piece eaten

     a     b     c     d     e     f     g     h    
  +-----+-----+-----+-----+-----+-----+-----+-----+
8 |  ♖  |     |  ♗  |  ♕  |  ♔  |  ♗  |  ♘  |  ♖  |
  +-----+-----+-----+-----+-----+-----+-----+-----+
7 |  ♙  |  ♙  |  ♙  |  ♙  |  ♙  |  ♙  |  ♙  |  ♙  |
  +-----+-----+-----+-----+-----+-----+-----+-----+
6 |     |     |  ♘  |     |     |     |     |     |
  +-----+-----+-----+-----+-----+-----+-----+-----+
5 |     |     |     |     |  ♟  |     |     |     |
  +-----+-----+-----+-----+-----+-----+-----+-----+
4 |     |     |     |     |     |     |     |     |
  +-----+-----+-----+-----+-----+-----+-----+-----+
3 |     |     |     |     |     |     |     |     |
  +-----+-----+-----+-----+-----+-----+-----+-----+
2 |  ♟  |  ♟  |  ♟  |  ♟  |     |  ♟  |  ♟  |  ♟  |
  +-----+-----+-----+-----+-----+-----+-----+-----+
1 |  ♜  |  ♞  |  ♝  |  ♛  |  ♚  |  ♝  |  ♞  |  ♜  |
  +-----+-----+-----+-----+-----+-----+-----+-----+
White eaten pieces: 0
Black eaten pieces: 0
Turn: BLACK
Enter your move: No piece eaten

     a     b     c     d     e     f     g     h    
  +-----+-----+-----+-----+-----+-----+-----+-----+
8 |  ♖  |     |  ♗  |  ♕  |  ♔  |  ♗  |  ♘  |  ♖  |
  +-----+-----+-----+-----+-----+-----+-----+-----+
7 |  ♙  |  ♙  |  ♙  |     |  ♙  |  ♙  |  ♙  |  ♙  |
  +-----+-----+-----+-----+-----+-----+-----+-----+
6 |     |     |  ♘  |     |     |     |     |     |
  +-----+-----+-----+-----+-----+-----+-----+-----+
5 |     |     |     |  ♙  |  ♟  |     |     |     |
  +-----+-----+-----+-----+-----+-----+-----+-----+
4 |     |     |     |     |     |     |     |     |
  +-----+-----+-----+-----+-----+-----+-----+-----+
3 |     |     |     |     |     |     |     |     |
  +-----+-----+-----+-----+-----+-----+-----+-----+
2 |  ♟  |  ♟  |  ♟  |  ♟  |     |  ♟  |  ♟  |  ♟  |
  +-----+-----+-----+-----+-----+-----+-----+-----+
1 |  ♜  |  ♞  |  ♝  |  ♛  |  ♚  |  ♝  |  ♞  |  ♜  |
  +-----+-----+-----+-----+-----+-----+-----+-----+
White eaten pieces: 0
Black eaten pieces: 0
Turn: WHITE
Enter your move: No piece eaten

     a     b     c     d     e     f     g     h    
  +-----+-----+-----+-----+-----+-----+-----+-----+
8 |  ♖  |     |  ♗  |  ♕  |  ♔  |  ♗  |  ♘  |  ♖  |
  +-----+-----+-----+-----+-----+-----+-----+-----+
7 |  ♙  |  ♙  |  ♙  |     |  ♙  |  ♙  |  ♙  |  ♙  |
  +-----+-----+-----+-----+-----+-----+-----+-----+
6 |     |     |  ♘  |     |     |     |     |     |
  +-----+-----+-----+-----+-----+-----+-----+-----+
5 |     |     |     |  ♙  |  ♟  |     |     |     |
  +-----+-----+-----+-----+-----+-----+-----+-----+
4 |     |     |     |     |     |     |     |     |
  +-----+-----+-----+-----+-----+-----+-----+-----+
3 |     |     |     |     |     |  ♞  |     |     |
  +-----+-----+-----+-----+-----+-----+-----+-----+
2 |  ♟  |  ♟  |  ♟  |  ♟  |     |  ♟  |  ♟  |  ♟  |
  +-----+-----+-----+-----+-----+-----+-----+-----+
1 |  ♜  |  ♞  |  ♝  |  ♛  |  ♚  |  ♝  |     |  ♜  |
  +-----+-----+-----+-----+-----+-----+-----+-----+
White eaten pieces: 0
Black eaten pieces: 0
Turn: BLACK
Enter your move: No piece eaten

     a     b     c     d     e     f     g     h    
  +-----+-----+-----+-----+-----+-----+-----+-----+
8 |  ♖  |     |  ♗  |  ♕  |  ♔  |  ♗  |  ♘  |  ♖  |
  +-----+-----+-----+-----+-----+-----+-----+-----+
7 |  ♙  |  ♙  |  ♙  |     |     |  ♙  |  ♙  |  ♙  |
  +-----+-----+-----+-----+-----+-----+-----+-----+
6 |     |     |  ♘  |     |  ♙  |     |     |     |
  +-----+-----+-----+-----+-----+-----+-----+-----+
5 |     |     |     |  ♙  |  ♟  |     |     |     |
  +-----+-----+-----+-----+-----+-----+-----+-----+
4 |     |     |     |     |     |     |     |     |
  +-----+-----+-----+-----+-----+-----+-----+-----+
3 |     |     |     |     |     |  ♞  |     |     |
  +-----+-----+-----+-----+-----+-----+-----+-----+
2 |  ♟  |  ♟  |  ♟  |  ♟  |     |  ♟  |  ♟  |  ♟  |
  +-----+-----+-----+-----+-----+-----+-----+-----+
1 |  ♜  |  ♞  |  ♝  |  ♛  |  ♚  |  ♝  |     |  ♜  |
  +-----+-----+-----+-----+-----+-----+-----+-----+
White eaten pieces: 0
Black eaten pieces: 0
Turn: WHITE
Enter your move: Eaten piece: P

     a     b     c     d     e     f     g     h    
  +-----+-----+-----+-----+-----+-----+-----+-----+
8 |  ♖  |     |  ♗  |  ♕  |  ♔  |  ♗  |  ♘  |  ♖  |
  +-----+-----+-----+-----+-----+-----+-----+-----+
7 |  ♙  |  ♙  |  ♙  |     |     |  ♙  |  ♙  |  ♙  |
  +-----+-----+-----+-----+-----+-----+-----+-----+
6 |     |     |  ♘  |  ♟  |  ♙  |     |     |     |
  +-----+-----+-----+-----+-----+-----+-----+-----+
5 |     |     |     |     |     |     |     |     |
  +-----+-----+-----+-----+-----+-----+-----+-----+
4 |     |     |     |     |     |     |     |     |
  +-----+-----+-----+-----+-----+-----+-----+-----+
3 |     |     |     |     |     |  ♞  |     |     |
  +-----+-----+-----+-----+-----+-----+-----+-----+
2 |  ♟  |  ♟  |  ♟  |  ♟  |     |  ♟  |  ♟  |  ♟  |
  +-----+-----+-----+-----+-----+-----+-----+-----+
1 |  ♜  |  ♞  |  ♝  |  ♛  |  ♚  |  ♝  |     |  ♜  |
  +-----+-----+-----+-----+-----+-----+-----+-----+
White eaten pieces: 1
Black eaten pieces: 0
Turn: BLACK
Enter your move: BLACK turn
Enter your move: 
wR,wN,wB,wQ,wK,wB,,wR,wP,wP,wP,wP,,wP,wP,wP,,,,,,wN,,,,,,,,,,,,,,,,,,,,,bN,wP,bP,,,,bP,bP,bP,,,bP,bP,bP,bR,,bB,bQ,bK,bB,bN,bR, ?-?
   ref:[[0;32mwR,wN,wB,wQ,wK,wB,,wR,wP,wP,wP,,,wP,wP,wP,,,,,,wN,,,,,,wP,,,,,,,,bP,wP,,,,,,bN,,bP,,,,bP,bP,bP,,,bP,bP,bP,bR,,bB,bQ,bK,bB,bN,bR,[0m]
   you:[[0;31mwR,wN,wB,wQ,wK,wB,,wR,wP,wP,wP,wP,,wP,wP,wP,,,,,,wN,,,,,,,,,,,,,,,,,,,,,bN,wP,bP,,,,bP,bP,bP,,,bP,bP,bP,bR,,bB,bQ,bK,bB,bN,bR,[0m]
  -> [0;32mreference result: OK[0m
  -> [0m(exit code=0)
data/3-ill-qside-castling-1.txt
Game init
Game running

     a     b     c     d     e     f     g     h    
  +-----+-----+-----+-----+-----+-----+-----+-----+
8 |  ♖  |  ♘  |  ♗  |  ♕  |  ♔  |  ♗  |  ♘  |  ♖  |
  +-----+-----+-----+-----+-----+-----+-----+-----+
7 |  ♙  |  ♙  |  ♙  |  ♙  |  ♙  |  ♙  |  ♙  |  ♙  |
  +-----+-----+-----+-----+-----+-----+-----+-----+
6 |     |     |     |     |     |     |     |     |
  +-----+-----+-----+-----+-----+-----+-----+-----+
5 |     |     |     |     |     |     |     |     |
  +-----+-----+-----+-----+-----+-----+-----+-----+
4 |     |     |     |     |     |     |     |     |
  +-----+-----+-----+-----+-----+-----+-----+-----+
3 |     |     |     |     |     |     |     |     |
  +-----+-----+-----+-----+-----+-----+-----+-----+
2 |  ♟  |  ♟  |  ♟  |  ♟  |  ♟  |  ♟  |  ♟  |  ♟  |
  +-----+-----+-----+-----+-----+-----+-----+-----+
1 |  ♜  |  ♞  |  ♝  |  ♛  |  ♚  |  ♝  |  ♞  |  ♜  |
  +-----+-----+-----+-----+-----+-----+-----+-----+
White eaten pieces: 0
Black eaten pieces: 0
Turn: WHITE

Enter your move: No piece eaten

     a     b     c     d     e     f     g     h    
  +-----+-----+-----+-----+-----+-----+-----+-----+
8 |  ♖  |  ♘  |  ♗  |  ♕  |  ♔  |  ♗  |  ♘  |  ♖  |
  +-----+-----+-----+-----+-----+-----+-----+-----+
7 |  ♙  |  ♙  |  ♙  |  ♙  |  ♙  |  ♙  |  ♙  |  ♙  |
  +-----+-----+-----+-----+-----+-----+-----+-----+
6 |     |     |     |     |     |     |     |     |
  +-----+-----+-----+-----+-----+-----+-----+-----+
5 |     |     |     |     |     |     |     |     |
  +-----+-----+-----+-----+-----+-----+-----+-----+
4 |     |     |     |  ♟  |     |     |     |     |
  +-----+-----+-----+-----+-----+-----+-----+-----+
3 |     |     |     |     |     |     |     |     |
  +-----+-----+-----+-----+-----+-----+-----+-----+
2 |  ♟  |  ♟  |  ♟  |     |  ♟  |  ♟  |  ♟  |  ♟  |
  +-----+-----+-----+-----+-----+-----+-----+-----+
1 |  ♜  |  ♞  |  ♝  |  ♛  |  ♚  |  ♝  |  ♞  |  ♜  |
  +-----+-----+-----+-----+-----+-----+-----+-----+
White eaten pieces: 0
Black eaten pieces: 0
Turn: BLACK
Enter your move: No piece eaten

     a     b     c     d     e     f     g     h    
  +-----+-----+-----+-----+-----+-----+-----+-----+
8 |  ♖  |  ♘  |  ♗  |  ♕  |  ♔  |  ♗  |  ♘  |  ♖  |
  +-----+-----+-----+-----+-----+-----+-----+-----+
7 |  ♙  |  ♙  |  ♙  |  ♙  |     |  ♙  |  ♙  |  ♙  |
  +-----+-----+-----+-----+-----+-----+-----+-----+
6 |     |     |     |     |  ♙  |     |     |     |
  +-----+-----+-----+-----+-----+-----+-----+-----+
5 |     |     |     |     |     |     |     |     |
  +-----+-----+-----+-----+-----+-----+-----+-----+
4 |     |     |     |  ♟  |     |     |     |     |
  +-----+-----+-----+-----+-----+-----+-----+-----+
3 |     |     |     |     |     |     |     |     |
  +-----+-----+-----+-----+-----+-----+-----+-----+
2 |  ♟  |  ♟  |  ♟  |     |  ♟  |  ♟  |  ♟  |  ♟  |
  +-----+-----+-----+-----+-----+-----+-----+-----+
1 |  ♜  |  ♞  |  ♝  |  ♛  |  ♚  |  ♝  |  ♞  |  ♜  |
  +-----+-----+-----+-----+-----+-----+-----+-----+
White eaten pieces: 0
Black eaten pieces: 0
Turn: WHITE
Enter your move: No piece eaten

     a     b     c     d     e     f     g     h    
  +-----+-----+-----+-----+-----+-----+-----+-----+
8 |  ♖  |  ♘  |  ♗  |  ♕  |  ♔  |  ♗  |  ♘  |  ♖  |
  +-----+-----+-----+-----+-----+-----+-----+-----+
7 |  ♙  |  ♙  |  ♙  |  ♙  |     |  ♙  |  ♙  |  ♙  |
  +-----+-----+-----+-----+-----+-----+-----+-----+
6 |     |     |     |     |  ♙  |     |     |     |
  +-----+-----+-----+-----+-----+-----+-----+-----+
5 |     |     |     |     |     |     |     |     |
  +-----+-----+-----+-----+-----+-----+-----+-----+
4 |     |     |     |  ♟  |     |     |     |     |
  +-----+-----+-----+-----+-----+-----+-----+-----+
3 |     |     |     |     |     |  ♞  |     |     |
  +-----+-----+-----+-----+-----+-----+-----+-----+
2 |  ♟  |  ♟  |  ♟  |     |  ♟  |  ♟  |  ♟  |  ♟  |
  +-----+-----+-----+-----+-----+-----+-----+-----+
1 |  ♜  |  ♞  |  ♝  |  ♛  |  ♚  |  ♝  |     |  ♜  |
  +-----+-----+-----+-----+-----+-----+-----+-----+
White eaten pieces: 0
Black eaten pieces: 0
Turn: BLACK
Enter your move: No piece eaten

     a     b     c     d     e     f     g     h    
  +-----+-----+-----+-----+-----+-----+-----+-----+
8 |  ♖  |  ♘  |  ♗  |  ♕  |  ♔  |  ♗  |  ♘  |  ♖  |
  +-----+-----+-----+-----+-----+-----+-----+-----+
7 |  ♙  |  ♙  |  ♙  |     |     |  ♙  |  ♙  |  ♙  |
  +-----+-----+-----+-----+-----+-----+-----+-----+
6 |     |     |     |     |  ♙  |     |     |     |
  +-----+-----+-----+-----+-----+-----+-----+-----+
5 |     |     |     |  ♙  |     |     |     |     |
  +-----+-----+-----+-----+-----+-----+-----+-----+
4 |     |     |     |  ♟  |     |     |     |     |
  +-----+-----+-----+-----+-----+-----+-----+-----+
3 |     |     |     |     |     |  ♞  |     |     |
  +-----+-----+-----+-----+-----+-----+-----+-----+
2 |  ♟  |  ♟  |  ♟  |     |  ♟  |  ♟  |  ♟  |  ♟  |
  +-----+-----+-----+-----+-----+-----+-----+-----+
1 |  ♜  |  ♞  |  ♝  |  ♛  |  ♚  |  ♝  |     |  ♜  |
  +-----+-----+-----+-----+-----+-----+-----+-----+
White eaten pieces: 0
Black eaten pieces: 0
Turn: WHITE
Enter your move: No piece eaten

     a     b     c     d     e     f     g     h    
  +-----+-----+-----+-----+-----+-----+-----+-----+
8 |  ♖  |  ♘  |  ♗  |  ♕  |  ♔  |  ♗  |  ♘  |  ♖  |
  +-----+-----+-----+-----+-----+-----+-----+-----+
7 |  ♙  |  ♙  |  ♙  |     |     |  ♙  |  ♙  |  ♙  |
  +-----+-----+-----+-----+-----+-----+-----+-----+
6 |     |     |     |     |  ♙  |     |     |     |
  +-----+-----+-----+-----+-----+-----+-----+-----+
5 |     |     |     |  ♙  |     |     |  ♝  |     |
  +-----+-----+-----+-----+-----+-----+-----+-----+
4 |     |     |     |  ♟  |     |     |     |     |
  +-----+-----+-----+-----+-----+-----+-----+-----+
3 |     |     |     |     |     |  ♞  |     |     |
  +-----+-----+-----+-----+-----+-----+-----+-----+
2 |  ♟  |  ♟  |  ♟  |     |  ♟  |  ♟  |  ♟  |  ♟  |
  +-----+-----+-----+-----+-----+-----+-----+-----+
1 |  ♜  |  ♞  |     |  ♛  |  ♚  |  ♝  |     |  ♜  |
  +-----+-----+-----+-----+-----+-----+-----+-----+
White eaten pieces: 0
Black eaten pieces: 0
Turn: BLACK
Enter your move: No piece eaten

     a     b     c     d     e     f     g     h    
  +-----+-----+-----+-----+-----+-----+-----+-----+
8 |  ♖  |  ♘  |  ♗  |  ♕  |  ♔  |  ♗  |     |  ♖  |
  +-----+-----+-----+-----+-----+-----+-----+-----+
7 |  ♙  |  ♙  |  ♙  |     |     |  ♙  |  ♙  |  ♙  |
  +-----+-----+-----+-----+-----+-----+-----+-----+
6 |     |     |     |     |  ♙  |  ♘  |     |     |
  +-----+-----+-----+-----+-----+-----+-----+-----+
5 |     |     |     |  ♙  |     |     |  ♝  |     |
  +-----+-----+-----+-----+-----+-----+-----+-----+
4 |     |     |     |  ♟  |     |     |     |     |
  +-----+-----+-----+-----+-----+-----+-----+-----+
3 |     |     |     |     |     |  ♞  |     |     |
  +-----+-----+-----+-----+-----+-----+-----+-----+
2 |  ♟  |  ♟  |  ♟  |     |  ♟  |  ♟  |  ♟  |  ♟  |
  +-----+-----+-----+-----+-----+-----+-----+-----+
1 |  ♜  |  ♞  |     |  ♛  |  ♚  |  ♝  |     |  ♜  |
  +-----+-----+-----+-----+-----+-----+-----+-----+
White eaten pieces: 0
Black eaten pieces: 0
Turn: WHITE
Enter your move: No piece eaten

     a     b     c     d     e     f     g     h    
  +-----+-----+-----+-----+-----+-----+-----+-----+
8 |  ♖  |  ♘  |  ♗  |  ♕  |  ♔  |  ♗  |     |  ♖  |
  +-----+-----+-----+-----+-----+-----+-----+-----+
7 |  ♙  |  ♙  |  ♙  |     |     |  ♙  |  ♙  |  ♙  |
  +-----+-----+-----+-----+-----+-----+-----+-----+
6 |     |     |     |     |  ♙  |  ♘  |     |     |
  +-----+-----+-----+-----+-----+-----+-----+-----+
5 |     |     |     |  ♙  |     |     |  ♝  |     |
  +-----+-----+-----+-----+-----+-----+-----+-----+
4 |     |     |     |  ♟  |     |     |     |     |
  +-----+-----+-----+-----+-----+-----+-----+-----+
3 |     |     |  ♞  |     |     |  ♞  |     |     |
  +-----+-----+-----+-----+-----+-----+-----+-----+
2 |  ♟  |  ♟  |  ♟  |     |  ♟  |  ♟  |  ♟  |  ♟  |
  +-----+-----+-----+-----+-----+-----+-----+-----+
1 |  ♜  |     |     |  ♛  |  ♚  |  ♝  |     |  ♜  |
  +-----+-----+-----+-----+-----+-----+-----+-----+
White eaten pieces: 0
Black eaten pieces: 0
Turn: BLACK
Enter your move: No piece eaten

     a     b     c     d     e     f     g     h    
  +-----+-----+-----+-----+-----+-----+-----+-----+
8 |  ♖  |  ♘  |  ♗  |  ♕  |  ♔  |  ♗  |     |  ♖  |
  +-----+-----+-----+-----+-----+-----+-----+-----+
7 |  ♙  |  ♙  |  ♙  |     |     |  ♙  |  ♙  |     |
  +-----+-----+-----+-----+-----+-----+-----+-----+
6 |     |     |     |     |  ♙  |  ♘  |     |  ♙  |
  +-----+-----+-----+-----+-----+-----+-----+-----+
5 |     |     |     |  ♙  |     |     |  ♝  |     |
  +-----+-----+-----+-----+-----+-----+-----+-----+
4 |     |     |     |  ♟  |     |     |     |     |
  +-----+-----+-----+-----+-----+-----+-----+-----+
3 |     |     |  ♞  |     |     |  ♞  |     |     |
  +-----+-----+-----+-----+-----+-----+-----+-----+
2 |  ♟  |  ♟  |  ♟  |     |  ♟  |  ♟  |  ♟  |  ♟  |
  +-----+-----+-----+-----+-----+-----+-----+-----+
1 |  ♜  |     |     |  ♛  |  ♚  |  ♝  |     |  ♜  |
  +-----+-----+-----+-----+-----+-----+-----+-----+
White eaten pieces: 0
Black eaten pieces: 0
Turn: WHITE
Enter your move: Eaten piece: N

     a     b     c     d     e     f     g     h    
  +-----+-----+-----+-----+-----+-----+-----+-----+
8 |  ♖  |  ♘  |  ♗  |  ♕  |  ♔  |  ♗  |     |  ♖  |
  +-----+-----+-----+-----+-----+-----+-----+-----+
7 |  ♙  |  ♙  |  ♙  |     |     |  ♙  |  ♙  |     |
  +-----+-----+-----+-----+-----+-----+-----+-----+
6 |     |     |     |     |  ♙  |  ♝  |     |  ♙  |
  +-----+-----+-----+-----+-----+-----+-----+-----+
5 |     |     |     |  ♙  |     |     |     |     |
  +-----+-----+-----+-----+-----+-----+-----+-----+
4 |     |     |     |  ♟  |     |     |     |     |
  +-----+-----+-----+-----+-----+-----+-----+-----+
3 |     |     |  ♞  |     |     |  ♞  |     |     |
  +-----+-----+-----+-----+-----+-----+-----+-----+
2 |  ♟  |  ♟  |  ♟  |     |  ♟  |  ♟  |  ♟  |  ♟  |
  +-----+-----+-----+-----+-----+-----+-----+-----+
1 |  ♜  |     |     |  ♛  |  ♚  |  ♝  |     |  ♜  |
  +-----+-----+-----+-----+-----+-----+-----+-----+
White eaten pieces: 1
Black eaten pieces: 0
Turn: BLACK
Enter your move: Eaten piece: B

     a     b     c     d     e     f     g     h    
  +-----+-----+-----+-----+-----+-----+-----+-----+
8 |  ♖  |  ♘  |  ♗  |     |  ♔  |  ♗  |     |  ♖  |
  +-----+-----+-----+-----+-----+-----+-----+-----+
7 |  ♙  |  ♙  |  ♙  |     |     |  ♙  |  ♙  |     |
  +-----+-----+-----+-----+-----+-----+-----+-----+
6 |     |     |     |     |  ♙  |  ♕  |     |  ♙  |
  +-----+-----+-----+-----+-----+-----+-----+-----+
5 |     |     |     |  ♙  |     |     |     |     |
  +-----+-----+-----+-----+-----+-----+-----+-----+
4 |     |     |     |  ♟  |     |     |     |     |
  +-----+-----+-----+-----+-----+-----+-----+-----+
3 |     |     |  ♞  |     |     |  ♞  |     |     |
  +-----+-----+-----+-----+-----+-----+-----+-----+
2 |  ♟  |  ♟  |  ♟  |     |  ♟  |  ♟  |  ♟  |  ♟  |
  +-----+-----+-----+-----+-----+-----+-----+-----+
1 |  ♜  |     |     |  ♛  |  ♚  |  ♝  |     |  ♜  |
  +-----+-----+-----+-----+-----+-----+-----+-----+
White eaten pieces: 1
Black eaten pieces: 1
Turn: WHITE
Enter your move: No piece eaten

     a     b     c     d     e     f     g     h    
  +-----+-----+-----+-----+-----+-----+-----+-----+
8 |  ♖  |  ♘  |  ♗  |     |  ♔  |  ♗  |     |  ♖  |
  +-----+-----+-----+-----+-----+-----+-----+-----+
7 |  ♙  |  ♙  |  ♙  |     |     |  ♙  |  ♙  |     |
  +-----+-----+-----+-----+-----+-----+-----+-----+
6 |     |     |     |     |  ♙  |  ♕  |     |  ♙  |
  +-----+-----+-----+-----+-----+-----+-----+-----+
5 |     |     |     |  ♙  |     |     |     |     |
  +-----+-----+-----+-----+-----+-----+-----+-----+
4 |     |     |     |  ♟  |     |     |     |     |
  +-----+-----+-----+-----+-----+-----+-----+-----+
3 |     |     |  ♞  |  ♛  |     |  ♞  |     |     |
  +-----+-----+-----+-----+-----+-----+-----+-----+
2 |  ♟  |  ♟  |  ♟  |     |  ♟  |  ♟  |  ♟  |  ♟  |
  +-----+-----+-----+-----+-----+-----+-----+-----+
1 |  ♜  |     |     |     |  ♚  |  ♝  |     |  ♜  |
  +-----+-----+-----+-----+-----+-----+-----+-----+
White eaten pieces: 1
Black eaten pieces: 1
Turn: BLACK
Enter your move: No piece eaten

     a     b     c     d     e     f     g     h    
  +-----+-----+-----+-----+-----+-----+-----+-----+
8 |  ♖  |  ♘  |  ♗  |     |  ♔  |     |     |  ♖  |
  +-----+-----+-----+-----+-----+-----+-----+-----+
7 |  ♙  |  ♙  |  ♙  |     |     |  ♙  |  ♙  |     |
  +-----+-----+-----+-----+-----+-----+-----+-----+
6 |     |     |     |     |  ♙  |  ♕  |     |  ♙  |
  +-----+-----+-----+-----+-----+-----+-----+-----+
5 |     |     |     |  ♙  |     |     |     |     |
  +-----+-----+-----+-----+-----+-----+-----+-----+
4 |     |  ♗  |     |  ♟  |     |     |     |     |
  +-----+-----+-----+-----+-----+-----+-----+-----+
3 |     |     |  ♞  |  ♛  |     |  ♞  |     |     |
  +-----+-----+-----+-----+-----+-----+-----+-----+
2 |  ♟  |  ♟  |  ♟  |     |  ♟  |  ♟  |  ♟  |  ♟  |
  +-----+-----+-----+-----+-----+-----+-----+-----+
1 |  ♜  |     |     |     |  ♚  |  ♝  |     |  ♜  |
  +-----+-----+-----+-----+-----+-----+-----+-----+
White eaten pieces: 1
Black eaten pieces: 1
Turn: WHITE
Enter your move: No piece eaten

     a     b     c     d     e     f     g     h    
  +-----+-----+-----+-----+-----+-----+-----+-----+
8 |  ♖  |  ♘  |  ♗  |     |  ♔  |     |     |  ♖  |
  +-----+-----+-----+-----+-----+-----+-----+-----+
7 |  ♙  |  ♙  |  ♙  |     |     |  ♙  |  ♙  |     |
  +-----+-----+-----+-----+-----+-----+-----+-----+
6 |     |     |     |     |  ♙  |  ♕  |     |  ♙  |
  +-----+-----+-----+-----+-----+-----+-----+-----+
5 |     |     |     |  ♙  |  ♞  |     |     |     |
  +-----+-----+-----+-----+-----+-----+-----+-----+
4 |     |  ♗  |     |  ♟  |     |     |     |     |
  +-----+-----+-----+-----+-----+-----+-----+-----+
3 |     |     |  ♞  |  ♛  |     |     |     |     |
  +-----+-----+-----+-----+-----+-----+-----+-----+
2 |  ♟  |  ♟  |  ♟  |     |  ♟  |  ♟  |  ♟  |  ♟  |
  +-----+-----+-----+-----+-----+-----+-----+-----+
1 |  ♜  |     |     |     |  ♚  |  ♝  |     |  ♜  |
  +-----+-----+-----+-----+-----+-----+-----+-----+
White eaten pieces: 1
Black eaten pieces: 1
Turn: BLACK
Enter your move: No piece eaten

     a     b     c     d     e     f     g     h    
  +-----+-----+-----+-----+-----+-----+-----+-----+
8 |  ♖  |  ♘  |  ♗  |     |  ♔  |     |     |  ♖  |
  +-----+-----+-----+-----+-----+-----+-----+-----+
7 |  ♙  |  ♙  |  ♙  |     |     |  ♙  |  ♙  |     |
  +-----+-----+-----+-----+-----+-----+-----+-----+
6 |     |     |     |     |  ♙  |     |     |  ♙  |
  +-----+-----+-----+-----+-----+-----+-----+-----+
5 |     |     |     |  ♙  |  ♞  |     |  ♕  |     |
  +-----+-----+-----+-----+-----+-----+-----+-----+
4 |     |  ♗  |     |  ♟  |     |     |     |     |
  +-----+-----+-----+-----+-----+-----+-----+-----+
3 |     |     |  ♞  |  ♛  |     |     |     |     |
  +-----+-----+-----+-----+-----+-----+-----+-----+
2 |  ♟  |  ♟  |  ♟  |     |  ♟  |  ♟  |  ♟  |  ♟  |
  +-----+-----+-----+-----+-----+-----+-----+-----+
1 |  ♜  |     |     |     |  ♚  |  ♝  |     |  ♜  |
  +-----+-----+-----+-----+-----+-----+-----+-----+
White eaten pieces: 1
Black eaten pieces: 1
Turn: WHITE
Enter your move: ERROR: can't move king
Enter your move: 
wR,,,,wK,wB,,wR,wP,wP,wP,,wP,wP,wP,wP,,,wN,wQ,,,,,,bB,,wP,,,,,,,,bP,wN,,bQ,,,,,,bP,,,bP,bP,bP,bP,,,bP,bP,,bR,bN,bB,,bK,,,bR, ?-?
  -> [0;32mreference position: OK[0m
  -> [0;32mreference result: OK[0m
  -> [0m(exit code=0)
data/3-ill-qside-castling-3.txt
Game init
Game running

     a     b     c     d     e     f     g     h    
  +-----+-----+-----+-----+-----+-----+-----+-----+
8 |  ♖  |  ♘  |  ♗  |  ♕  |  ♔  |  ♗  |  ♘  |  ♖  |
  +-----+-----+-----+-----+-----+-----+-----+-----+
7 |  ♙  |  ♙  |  ♙  |  ♙  |  ♙  |  ♙  |  ♙  |  ♙  |
  +-----+-----+-----+-----+-----+-----+-----+-----+
6 |     |     |     |     |     |     |     |     |
  +-----+-----+-----+-----+-----+-----+-----+-----+
5 |     |     |     |     |     |     |     |     |
  +-----+-----+-----+-----+-----+-----+-----+-----+
4 |     |     |     |     |     |     |     |     |
  +-----+-----+-----+-----+-----+-----+-----+-----+
3 |     |     |     |     |     |     |     |     |
  +-----+-----+-----+-----+-----+-----+-----+-----+
2 |  ♟  |  ♟  |  ♟  |  ♟  |  ♟  |  ♟  |  ♟  |  ♟  |
  +-----+-----+-----+-----+-----+-----+-----+-----+
1 |  ♜  |  ♞  |  ♝  |  ♛  |  ♚  |  ♝  |  ♞  |  ♜  |
  +-----+-----+-----+-----+-----+-----+-----+-----+
White eaten pieces: 0
Black eaten pieces: 0
Turn: WHITE

Enter your move: No piece eaten

     a     b     c     d     e     f     g     h    
  +-----+-----+-----+-----+-----+-----+-----+-----+
8 |  ♖  |  ♘  |  ♗  |  ♕  |  ♔  |  ♗  |  ♘  |  ♖  |
  +-----+-----+-----+-----+-----+-----+-----+-----+
7 |  ♙  |  ♙  |  ♙  |  ♙  |  ♙  |  ♙  |  ♙  |  ♙  |
  +-----+-----+-----+-----+-----+-----+-----+-----+
6 |     |     |     |     |     |     |     |     |
  +-----+-----+-----+-----+-----+-----+-----+-----+
5 |     |     |     |     |     |     |     |     |
  +-----+-----+-----+-----+-----+-----+-----+-----+
4 |     |     |     |     |     |     |     |     |
  +-----+-----+-----+-----+-----+-----+-----+-----+
3 |     |  ♟  |     |     |     |     |     |     |
  +-----+-----+-----+-----+-----+-----+-----+-----+
2 |  ♟  |     |  ♟  |  ♟  |  ♟  |  ♟  |  ♟  |  ♟  |
  +-----+-----+-----+-----+-----+-----+-----+-----+
1 |  ♜  |  ♞  |  ♝  |  ♛  |  ♚  |  ♝  |  ♞  |  ♜  |
  +-----+-----+-----+-----+-----+-----+-----+-----+
White eaten pieces: 0
Black eaten pieces: 0
Turn: BLACK
Enter your move: No piece eaten

     a     b     c     d     e     f     g     h    
  +-----+-----+-----+-----+-----+-----+-----+-----+
8 |  ♖  |  ♘  |  ♗  |  ♕  |  ♔  |  ♗  |  ♘  |  ♖  |
  +-----+-----+-----+-----+-----+-----+-----+-----+
7 |  ♙  |  ♙  |  ♙  |     |  ♙  |  ♙  |  ♙  |  ♙  |
  +-----+-----+-----+-----+-----+-----+-----+-----+
6 |     |     |     |     |     |     |     |     |
  +-----+-----+-----+-----+-----+-----+-----+-----+
5 |     |     |     |  ♙  |     |     |     |     |
  +-----+-----+-----+-----+-----+-----+-----+-----+
4 |     |     |     |     |     |     |     |     |
  +-----+-----+-----+-----+-----+-----+-----+-----+
3 |     |  ♟  |     |     |     |     |     |     |
  +-----+-----+-----+-----+-----+-----+-----+-----+
2 |  ♟  |     |  ♟  |  ♟  |  ♟  |  ♟  |  ♟  |  ♟  |
  +-----+-----+-----+-----+-----+-----+-----+-----+
1 |  ♜  |  ♞  |  ♝  |  ♛  |  ♚  |  ♝  |  ♞  |  ♜  |
  +-----+-----+-----+-----+-----+-----+-----+-----+
White eaten pieces: 0
Black eaten pieces: 0
Turn: WHITE
Enter your move: No piece eaten

     a     b     c     d     e     f     g     h    
  +-----+-----+-----+-----+-----+-----+-----+-----+
8 |  ♖  |  ♘  |  ♗  |  ♕  |  ♔  |  ♗  |  ♘  |  ♖  |
  +-----+-----+-----+-----+-----+-----+-----+-----+
7 |  ♙  |  ♙  |  ♙  |     |  ♙  |  ♙  |  ♙  |  ♙  |
  +-----+-----+-----+-----+-----+-----+-----+-----+
6 |     |     |     |     |     |     |     |     |
  +-----+-----+-----+-----+-----+-----+-----+-----+
5 |     |     |     |  ♙  |     |     |     |     |
  +-----+-----+-----+-----+-----+-----+-----+-----+
4 |     |     |     |     |     |     |     |     |
  +-----+-----+-----+-----+-----+-----+-----+-----+
3 |     |  ♟  |     |     |     |     |     |     |
  +-----+-----+-----+-----+-----+-----+-----+-----+
2 |  ♟  |  ♝  |  ♟  |  ♟  |  ♟  |  ♟  |  ♟  |  ♟  |
  +-----+-----+-----+-----+-----+-----+-----+-----+
1 |  ♜  |  ♞  |     |  ♛  |  ♚  |  ♝  |  ♞  |  ♜  |
  +-----+-----+-----+-----+-----+-----+-----+-----+
White eaten pieces: 0
Black eaten pieces: 0
Turn: BLACK
Enter your move: No piece eaten

     a     b     c     d     e     f     g     h    
  +-----+-----+-----+-----+-----+-----+-----+-----+
8 |  ♖  |  ♘  |  ♗  |  ♕  |  ♔  |  ♗  |     |  ♖  |
  +-----+-----+-----+-----+-----+-----+-----+-----+
7 |  ♙  |  ♙  |  ♙  |     |  ♙  |  ♙  |  ♙  |  ♙  |
  +-----+-----+-----+-----+-----+-----+-----+-----+
6 |     |     |     |     |     |  ♘  |     |     |
  +-----+-----+-----+-----+-----+-----+-----+-----+
5 |     |     |     |  ♙  |     |     |     |     |
  +-----+-----+-----+-----+-----+-----+-----+-----+
4 |     |     |     |     |     |     |     |     |
  +-----+-----+-----+-----+-----+-----+-----+-----+
3 |     |  ♟  |     |     |     |     |     |     |
  +-----+-----+-----+-----+-----+-----+-----+-----+
2 |  ♟  |  ♝  |  ♟  |  ♟  |  ♟  |  ♟  |  ♟  |  ♟  |
  +-----+-----+-----+-----+-----+-----+-----+-----+
1 |  ♜  |  ♞  |     |  ♛  |  ♚  |  ♝  |  ♞  |  ♜  |
  +-----+-----+-----+-----+-----+-----+-----+-----+
White eaten pieces: 0
Black eaten pieces: 0
Turn: WHITE
Enter your move: No piece eaten

     a     b     c     d     e     f     g     h    
  +-----+-----+-----+-----+-----+-----+-----+-----+
8 |  ♖  |  ♘  |  ♗  |  ♕  |  ♔  |  ♗  |     |  ♖  |
  +-----+-----+-----+-----+-----+-----+-----+-----+
7 |  ♙  |  ♙  |  ♙  |     |  ♙  |  ♙  |  ♙  |  ♙  |
  +-----+-----+-----+-----+-----+-----+-----+-----+
6 |     |     |     |     |     |  ♘  |     |     |
  +-----+-----+-----+-----+-----+-----+-----+-----+
5 |     |     |     |  ♙  |     |     |     |     |
  +-----+-----+-----+-----+-----+-----+-----+-----+
4 |     |     |     |     |     |     |     |     |
  +-----+-----+-----+-----+-----+-----+-----+-----+
3 |     |  ♟  |     |     |     |  ♞  |     |     |
  +-----+-----+-----+-----+-----+-----+-----+-----+
2 |  ♟  |  ♝  |  ♟  |  ♟  |  ♟  |  ♟  |  ♟  |  ♟  |
  +-----+-----+-----+-----+-----+-----+-----+-----+
1 |  ♜  |  ♞  |     |  ♛  |  ♚  |  ♝  |     |  ♜  |
  +-----+-----+-----+-----+-----+-----+-----+-----+
White eaten pieces: 0
Black eaten pieces: 0
Turn: BLACK
Enter your move: No piece eaten

     a     b     c     d     e     f     g     h    
  +-----+-----+-----+-----+-----+-----+-----+-----+
8 |  ♖  |  ♘  |     |  ♕  |  ♔  |  ♗  |     |  ♖  |
  +-----+-----+-----+-----+-----+-----+-----+-----+
7 |  ♙  |  ♙  |  ♙  |     |  ♙  |  ♙  |  ♙  |  ♙  |
  +-----+-----+-----+-----+-----+-----+-----+-----+
6 |     |     |     |     |     |  ♘  |     |     |
  +-----+-----+-----+-----+-----+-----+-----+-----+
5 |     |     |     |  ♙  |     |  ♗  |     |     |
  +-----+-----+-----+-----+-----+-----+-----+-----+
4 |     |     |     |     |     |     |     |     |
  +-----+-----+-----+-----+-----+-----+-----+-----+
3 |     |  ♟  |     |     |     |  ♞  |     |     |
  +-----+-----+-----+-----+-----+-----+-----+-----+
2 |  ♟  |  ♝  |  ♟  |  ♟  |  ♟  |  ♟  |  ♟  |  ♟  |
  +-----+-----+-----+-----+-----+-----+-----+-----+
1 |  ♜  |  ♞  |     |  ♛  |  ♚  |  ♝  |     |  ♜  |
  +-----+-----+-----+-----+-----+-----+-----+-----+
White eaten pieces: 0
Black eaten pieces: 0
Turn: WHITE
Enter your move: No piece eaten

     a     b     c     d     e     f     g     h    
  +-----+-----+-----+-----+-----+-----+-----+-----+
8 |  ♖  |  ♘  |     |  ♕  |  ♔  |  ♗  |     |  ♖  |
  +-----+-----+-----+-----+-----+-----+-----+-----+
7 |  ♙  |  ♙  |  ♙  |     |  ♙  |  ♙  |  ♙  |  ♙  |
  +-----+-----+-----+-----+-----+-----+-----+-----+
6 |     |     |     |     |     |  ♘  |     |     |
  +-----+-----+-----+-----+-----+-----+-----+-----+
5 |     |     |     |  ♙  |     |  ♗  |     |     |
  +-----+-----+-----+-----+-----+-----+-----+-----+
4 |     |     |  ♟  |     |     |     |     |     |
  +-----+-----+-----+-----+-----+-----+-----+-----+
3 |     |  ♟  |     |     |     |  ♞  |     |     |
  +-----+-----+-----+-----+-----+-----+-----+-----+
2 |  ♟  |  ♝  |     |  ♟  |  ♟  |  ♟  |  ♟  |  ♟  |
  +-----+-----+-----+-----+-----+-----+-----+-----+
1 |  ♜  |  ♞  |     |  ♛  |  ♚  |  ♝  |     |  ♜  |
  +-----+-----+-----+-----+-----+-----+-----+-----+
White eaten pieces: 0
Black eaten pieces: 0
Turn: BLACK
Enter your move: No piece eaten

     a     b     c     d     e     f     g     h    
  +-----+-----+-----+-----+-----+-----+-----+-----+
8 |  ♖  |  ♘  |     |  ♕  |  ♔  |  ♗  |     |  ♖  |
  +-----+-----+-----+-----+-----+-----+-----+-----+
7 |  ♙  |  ♙  |  ♙  |     |     |  ♙  |  ♙  |  ♙  |
  +-----+-----+-----+-----+-----+-----+-----+-----+
6 |     |     |     |     |     |  ♘  |     |     |
  +-----+-----+-----+-----+-----+-----+-----+-----+
5 |     |     |     |  ♙  |  ♙  |  ♗  |     |     |
  +-----+-----+-----+-----+-----+-----+-----+-----+
4 |     |     |  ♟  |     |     |     |     |     |
  +-----+-----+-----+-----+-----+-----+-----+-----+
3 |     |  ♟  |     |     |     |  ♞  |     |     |
  +-----+-----+-----+-----+-----+-----+-----+-----+
2 |  ♟  |  ♝  |     |  ♟  |  ♟  |  ♟  |  ♟  |  ♟  |
  +-----+-----+-----+-----+-----+-----+-----+-----+
1 |  ♜  |  ♞  |     |  ♛  |  ♚  |  ♝  |     |  ♜  |
  +-----+-----+-----+-----+-----+-----+-----+-----+
White eaten pieces: 0
Black eaten pieces: 0
Turn: WHITE
Enter your move: No piece eaten

     a     b     c     d     e     f     g     h    
  +-----+-----+-----+-----+-----+-----+-----+-----+
8 |  ♖  |  ♘  |     |  ♕  |  ♔  |  ♗  |     |  ♖  |
  +-----+-----+-----+-----+-----+-----+-----+-----+
7 |  ♙  |  ♙  |  ♙  |     |     |  ♙  |  ♙  |  ♙  |
  +-----+-----+-----+-----+-----+-----+-----+-----+
6 |     |     |     |     |     |  ♘  |     |     |
  +-----+-----+-----+-----+-----+-----+-----+-----+
5 |     |     |     |  ♙  |  ♙  |  ♗  |     |     |
  +-----+-----+-----+-----+-----+-----+-----+-----+
4 |     |     |  ♟  |     |     |     |     |     |
  +-----+-----+-----+-----+-----+-----+-----+-----+
3 |     |  ♟  |     |  ♟  |     |  ♞  |     |     |
  +-----+-----+-----+-----+-----+-----+-----+-----+
2 |  ♟  |  ♝  |     |     |  ♟  |  ♟  |  ♟  |  ♟  |
  +-----+-----+-----+-----+-----+-----+-----+-----+
1 |  ♜  |  ♞  |     |  ♛  |  ♚  |  ♝  |     |  ♜  |
  +-----+-----+-----+-----+-----+-----+-----+-----+
White eaten pieces: 0
Black eaten pieces: 0
Turn: BLACK
Enter your move: No piece at this position
Enter your move: No piece eaten

     a     b     c     d     e     f     g     h    
  +-----+-----+-----+-----+-----+-----+-----+-----+
8 |  ♖  |  ♘  |     |  ♕  |  ♔  |     |     |  ♖  |
  +-----+-----+-----+-----+-----+-----+-----+-----+
7 |  ♙  |  ♙  |  ♙  |     |  ♗  |  ♙  |  ♙  |  ♙  |
  +-----+-----+-----+-----+-----+-----+-----+-----+
6 |     |     |     |     |     |  ♘  |     |     |
  +-----+-----+-----+-----+-----+-----+-----+-----+
5 |     |     |     |  ♙  |  ♙  |  ♗  |     |     |
  +-----+-----+-----+-----+-----+-----+-----+-----+
4 |     |     |  ♟  |     |     |     |     |     |
  +-----+-----+-----+-----+-----+-----+-----+-----+
3 |     |  ♟  |     |  ♟  |     |  ♞  |     |     |
  +-----+-----+-----+-----+-----+-----+-----+-----+
2 |  ♟  |  ♝  |     |     |  ♟  |  ♟  |  ♟  |  ♟  |
  +-----+-----+-----+-----+-----+-----+-----+-----+
1 |  ♜  |  ♞  |     |  ♛  |  ♚  |  ♝  |     |  ♜  |
  +-----+-----+-----+-----+-----+-----+-----+-----+
White eaten pieces: 0
Black eaten pieces: 0
Turn: WHITE
Enter your move: No piece at this position
Enter your move: ERROR: can't move king
Enter your move: No piece eaten

     a     b     c     d     e     f     g     h    
  +-----+-----+-----+-----+-----+-----+-----+-----+
8 |  ♖  |  ♘  |     |  ♕  |  ♔  |     |     |  ♖  |
  +-----+-----+-----+-----+-----+-----+-----+-----+
7 |  ♙  |  ♙  |  ♙  |     |  ♗  |  ♙  |  ♙  |  ♙  |
  +-----+-----+-----+-----+-----+-----+-----+-----+
6 |     |     |     |     |     |  ♘  |     |     |
  +-----+-----+-----+-----+-----+-----+-----+-----+
5 |     |     |     |  ♙  |  ♙  |  ♗  |     |     |
  +-----+-----+-----+-----+-----+-----+-----+-----+
4 |     |     |  ♟  |     |     |     |     |     |
  +-----+-----+-----+-----+-----+-----+-----+-----+
3 |     |  ♟  |  ♞  |  ♟  |     |  ♞  |     |     |
  +-----+-----+-----+-----+-----+-----+-----+-----+
2 |  ♟  |  ♝  |     |     |  ♟  |  ♟  |  ♟  |  ♟  |
  +-----+-----+-----+-----+-----+-----+-----+-----+
1 |  ♜  |     |     |  ♛  |  ♚  |  ♝  |     |  ♜  |
  +-----+-----+-----+-----+-----+-----+-----+-----+
White eaten pieces: 0
Black eaten pieces: 0
Turn: BLACK
Enter your move: No piece eaten

     a     b     c     d     e     f     g     h    
  +-----+-----+-----+-----+-----+-----+-----+-----+
8 |  ♖  |     |     |  ♕  |  ♔  |     |     |  ♖  |
  +-----+-----+-----+-----+-----+-----+-----+-----+
7 |  ♙  |  ♙  |  ♙  |  ♘  |  ♗  |  ♙  |  ♙  |  ♙  |
  +-----+-----+-----+-----+-----+-----+-----+-----+
6 |     |     |     |     |     |  ♘  |     |     |
  +-----+-----+-----+-----+-----+-----+-----+-----+
5 |     |     |     |  ♙  |  ♙  |  ♗  |     |     |
  +-----+-----+-----+-----+-----+-----+-----+-----+
4 |     |     |  ♟  |     |     |     |     |     |
  +-----+-----+-----+-----+-----+-----+-----+-----+
3 |     |  ♟  |  ♞  |  ♟  |     |  ♞  |     |     |
  +-----+-----+-----+-----+-----+-----+-----+-----+
2 |  ♟  |  ♝  |     |     |  ♟  |  ♟  |  ♟  |  ♟  |
  +-----+-----+-----+-----+-----+-----+-----+-----+
1 |  ♜  |     |     |  ♛  |  ♚  |  ♝  |     |  ♜  |
  +-----+-----+-----+-----+-----+-----+-----+-----+
White eaten pieces: 0
Black eaten pieces: 0
Turn: WHITE
Enter your move: No piece eaten

     a     b     c     d     e     f     g     h    
  +-----+-----+-----+-----+-----+-----+-----+-----+
8 |  ♖  |     |     |  ♕  |  ♔  |     |     |  ♖  |
  +-----+-----+-----+-----+-----+-----+-----+-----+
7 |  ♙  |  ♙  |  ♙  |  ♘  |  ♗  |  ♙  |  ♙  |  ♙  |
  +-----+-----+-----+-----+-----+-----+-----+-----+
6 |     |     |     |     |     |  ♘  |     |     |
  +-----+-----+-----+-----+-----+-----+-----+-----+
5 |     |     |     |  ♙  |  ♙  |  ♗  |     |     |
  +-----+-----+-----+-----+-----+-----+-----+-----+
4 |     |     |  ♟  |     |     |     |     |     |
  +-----+-----+-----+-----+-----+-----+-----+-----+
3 |     |  ♟  |  ♞  |  ♟  |     |  ♞  |     |     |
  +-----+-----+-----+-----+-----+-----+-----+-----+
2 |  ♟  |  ♝  |     |  ♛  |  ♟  |  ♟  |  ♟  |  ♟  |
  +-----+-----+-----+-----+-----+-----+-----+-----+
1 |  ♜  |     |     |     |  ♚  |  ♝  |     |  ♜  |
  +-----+-----+-----+-----+-----+-----+-----+-----+
White eaten pieces: 0
Black eaten pieces: 0
Turn: BLACK
Enter your move: No piece eaten

     a     b     c     d     e     f     g     h    
  +-----+-----+-----+-----+-----+-----+-----+-----+
8 |  ♖  |     |     |  ♕  |  ♔  |     |     |  ♖  |
  +-----+-----+-----+-----+-----+-----+-----+-----+
7 |  ♙  |  ♙  |  ♙  |     |  ♗  |  ♙  |  ♙  |  ♙  |
  +-----+-----+-----+-----+-----+-----+-----+-----+
6 |     |  ♘  |     |     |     |  ♘  |     |     |
  +-----+-----+-----+-----+-----+-----+-----+-----+
5 |     |     |     |  ♙  |  ♙  |  ♗  |     |     |
  +-----+-----+-----+-----+-----+-----+-----+-----+
4 |     |     |  ♟  |     |     |     |     |     |
  +-----+-----+-----+-----+-----+-----+-----+-----+
3 |     |  ♟  |  ♞  |  ♟  |     |  ♞  |     |     |
  +-----+-----+-----+-----+-----+-----+-----+-----+
2 |  ♟  |  ♝  |     |  ♛  |  ♟  |  ♟  |  ♟  |  ♟  |
  +-----+-----+-----+-----+-----+-----+-----+-----+
1 |  ♜  |     |     |     |  ♚  |  ♝  |     |  ♜  |
  +-----+-----+-----+-----+-----+-----+-----+-----+
White eaten pieces: 0
Black eaten pieces: 0
Turn: WHITE
Enter your move: 
     a     b     c     d     e     f     g     h    
  +-----+-----+-----+-----+-----+-----+-----+-----+
8 |  ♖  |     |     |  ♕  |  ♔  |     |     |  ♖  |
  +-----+-----+-----+-----+-----+-----+-----+-----+
7 |  ♙  |  ♙  |  ♙  |     |  ♗  |  ♙  |  ♙  |  ♙  |
  +-----+-----+-----+-----+-----+-----+-----+-----+
6 |     |  ♘  |     |     |     |  ♘  |     |     |
  +-----+-----+-----+-----+-----+-----+-----+-----+
5 |     |     |     |  ♙  |  ♙  |  ♗  |     |     |
  +-----+-----+-----+-----+-----+-----+-----+-----+
4 |     |     |  ♟  |     |     |     |     |     |
  +-----+-----+-----+-----+-----+-----+-----+-----+
3 |     |  ♟  |  ♞  |  ♟  |     |  ♞  |     |     |
  +-----+-----+-----+-----+-----+-----+-----+-----+
2 |  ♟  |  ♝  |     |  ♛  |  ♟  |  ♟  |  ♟  |  ♟  |
  +-----+-----+-----+-----+-----+-----+-----+-----+
1 |     |     |  ♚  |  ♜  |     |  ♝  |     |  ♜  |
  +-----+-----+-----+-----+-----+-----+-----+-----+
White eaten pieces: 0
Black eaten pieces: 0
Turn: BLACK
Enter your move: 
,,wK,wR,,wB,,wR,wP,wB,,wQ,wP,wP,wP,wP,,wP,wN,wP,,wN,,,,,wP,,,,,,,,,bP,bP,bB,,,,bN,,,,bN,,,bP,bP,bP,,bB,bP,bP,bP,bR,,,bQ,bK,,,bR, ?-?
   ref:[[0;32mwR,,,,wK,wB,,wR,wP,wB,,wQ,wP,wP,wP,wP,,wP,wN,,,wN,,,,,wP,wP,,,,,,,,bP,bP,bB,,,,bN,,,,bN,,,bP,bP,bP,,bB,bP,bP,bP,bR,,,bQ,,bR,bK,,[0m]
   you:[[0;31m,,wK,wR,,wB,,wR,wP,wB,,wQ,wP,wP,wP,wP,,wP,wN,wP,,wN,,,,,wP,,,,,,,,,bP,bP,bB,,,,bN,,,,bN,,,bP,bP,bP,,bB,bP,bP,bP,bR,,,bQ,bK,,,bR,[0m]
  -> [0;32mreference result: OK[0m
  -> [0m(exit code=0)
